schema {
  query: Query
}

type Query {
  foo: String
}

input FooFilter {
  AND: [FooFilter!]
  OR: [FooFilter!]
  "custom_equals_description"
  bar: Boolean
  barNullable: Boolean
  barNullable_not: Boolean
}

directive @tag(name: String!) repeatable on SCHEMA | SCALAR | OBJECT | FIELD_DEFINITION | ARGUMENT_DEFINITION | INTERFACE | UNION | ENUM | ENUM_VALUE | INPUT_OBJECT | INPUT_FIELD_DEFINITION
