namespace FooNamespace
{
    [global::System.CodeDom.Compiler.GeneratedCode("StrawberryShake", "11.0.0")]
    public partial class FooResultBuilder
        : global::StrawberryShake.IOperationResultBuilder<global::System.Text.Json.JsonDocument, IFoo>
    {
        private readonly global::StrawberryShake.IEntityStore _entityStore;
        private readonly global::System.Func<global::System.Text.Json.JsonElement, global::StrawberryShake.EntityId> _extractId;
        private readonly global::StrawberryShake.IOperationResultDataFactory<IFoo> _resultDataFactory;
        private global::StrawberryShake.Serialization.ILeafValueParser<string, string> _stringParser;
        private global::StrawberryShake.Serialization.ILeafValueParser<int, int> _intParser;

        public FooResultBuilder(
            global::StrawberryShake.IEntityStore entityStore,
            global::System.Func<global::System.Text.Json.JsonElement, global::StrawberryShake.EntityId> extractId,
            global::StrawberryShake.IOperationResultDataFactory<IFoo> resultDataFactory,
            global::StrawberryShake.Serialization.ISerializerResolver serializerResolver)
        {
            _entityStore = entityStore
                 ?? throw new global::System.ArgumentNullException(nameof(entityStore));
            _extractId = extractId
                 ?? throw new global::System.ArgumentNullException(nameof(extractId));
            _resultDataFactory = resultDataFactory
                 ?? throw new global::System.ArgumentNullException(nameof(resultDataFactory));
            _stringParser = serializerResolver.GetLeafValueParser<string, string>("String")
                 ?? throw new global::System.ArgumentNullException(nameof(_stringParser));
            _intParser = serializerResolver.GetLeafValueParser<int, int>("Int")
                 ?? throw new global::System.ArgumentNullException(nameof(_intParser));
        }

        public global::StrawberryShake.IOperationResult<IFoo> Build(global::StrawberryShake.Response<global::System.Text.Json.JsonDocument> response)
        {
            (IFoo Result, FooInfo Info)? data = null;

            if (response.Body is not null
                && response.Body.RootElement.TryGetProperty("data", out global::System.Text.Json.JsonElement obj))
            {
                data = BuildData(obj);
            }

            return new global::StrawberryShake.OperationResult<IFoo>(
                data?.Result,
                data?.Info,
                _resultDataFactory,
                null
            );
        }

        private (IFoo, FooInfo) BuildData(global::System.Text.Json.JsonElement obj)
        {
            using global::StrawberryShake.IEntityUpdateSession session = _entityStore.BeginUpdate();
            var entityIds = new global::System.Collections.Generic.HashSet<global::StrawberryShake.EntityId>();

            global::System.Collections.Generic.IReadOnlyList<global::StrawberryShake.EntityId?>? barsId = UpdateBarEntityArray(
                global::StrawberryShake.Transport.Http.JsonElementExtensions.GetPropertyOrNull(obj, "bars"),
                entityIds
            );

            var resultInfo = new FooInfo(
                barsId,
                entityIds,
                session.Version
            );

            return (_resultDataFactory.Create(resultInfo), resultInfo);
        }

        private global::System.Collections.Generic.IReadOnlyList<global::StrawberryShake.EntityId?>? UpdateBarEntityArray(
            global::System.Text.Json.JsonElement? obj,
            global::System.Collections.Generic.ISet<global::StrawberryShake.EntityId> entityIds)
        {
            if (!obj.HasValue)
            {
                return null;
            }

            var bars = new global::System.Collections.Generic.List<global::StrawberryShake.EntityId>();
            foreach (global::System.Text.Json.JsonElement child in obj.Value.EnumerateArray())
            {
                bars.Add(UpdateBarEntity(
                    child,
                    entityIds
                ));
            }

            return bars;
        }

        private global::StrawberryShake.EntityId? UpdateBarEntity(
            global::System.Text.Json.JsonElement? obj,
            global::System.Collections.Generic.ISet<global::StrawberryShake.EntityId> entityIds)
        {
            if (!obj.HasValue)
            {
                return null;
            }

            global::StrawberryShake.EntityId entityId = _extractId(obj.Value);
            entityIds.Add(entityId);

            BarTypeEntity entity = _entityStore.GetOrCreate<BarTypeEntity>(entityId);

            return entityId;
        }
    }
}
