// Code:
// PersonEntity

namespace StrawberryShake.GraphQL
{
    [global::System.CodeDom.Compiler.GeneratedCode("StrawberryShake", "11.0.0")]
    public partial class PersonEntity
    {
        public global::System.String Name { get; set; }

        public global::System.String Email { get; set; }

        public global::System.Boolean IsOnline { get; set; }
    }
}


// GetPeopleFactory

namespace StrawberryShake.GraphQL
{
    [global::System.CodeDom.Compiler.GeneratedCode("StrawberryShake", "11.0.0")]
    public partial class GetPeopleFactory
        : global::StrawberryShake.IOperationResultDataFactory<GetPeople>
    {
        private readonly global::StrawberryShake.IEntityStore _entityStore;
        private readonly global::StrawberryShake.IEntityMapper<PersonEntity, GetPeople_People_Nodes_Person> _getPeople_People_Nodes_PersonFromPersonEntityMapper;

        public GetPeopleFactory(
            global::StrawberryShake.IEntityStore entityStore,
            global::StrawberryShake.IEntityMapper<PersonEntity, GetPeople_People_Nodes_Person> getPeople_People_Nodes_PersonFromPersonEntityMapper)
        {
            _entityStore = entityStore
                 ?? throw new global::System.ArgumentNullException(nameof(entityStore));
            _getPeople_People_Nodes_PersonFromPersonEntityMapper = getPeople_People_Nodes_PersonFromPersonEntityMapper
                 ?? throw new global::System.ArgumentNullException(nameof(getPeople_People_Nodes_PersonFromPersonEntityMapper));
        }

        public GetPeople Create(global::StrawberryShake.IOperationResultDataInfo dataInfo)
        {
            if (dataInfo is GetPeopleInfo info)
            {
                return new GetPeople(MapIGetPeople_People(info.People));
            }

            throw new global::System.ArgumentException("GetPeopleInfo expected.");
        }

        private IGetPeople_People? MapIGetPeople_People(IGetPeople_PeopleData data)
        {
            if (data == default)
            {
                return null;
            }

            IGetPeople_People returnValue = default!;

            if (data?.__typename.Equals("PersonConnection", global::System.StringComparison.Ordinal) ?? false)
            {
                returnValue = new GetPeople_People_PersonConnection(MapIGetPeople_People_NodesArray(data.Nodes));
            }
            else {
                throw new global::System.NotSupportedException();
            }
            return returnValue;
        }

        private global::System.Collections.Generic.IReadOnlyList<IGetPeople_People_Nodes?>? MapIGetPeople_People_NodesArray(global::System.Collections.Generic.IReadOnlyList<global::StrawberryShake.EntityId?>? list)
        {
            if (list == default)
            {
                return null;
            }

            var iGetPeople_People_Nodess = new global::System.Collections.Generic.List<IGetPeople_People_Nodes?>();

            foreach (global::StrawberryShake.EntityId? child in list)
            {
                iGetPeople_People_Nodess.Add(MapIGetPeople_People_Nodes(child));
            }

            return iGetPeople_People_Nodess;
        }

        private IGetPeople_People_Nodes? MapIGetPeople_People_Nodes(global::StrawberryShake.EntityId? entityId)
        {
            if (entityId == default)
            {
                return null;
            }


            if (entityId?.Name.Equals("Person", global::System.StringComparison.Ordinal) ?? false)
            {
                return _getPeople_People_Nodes_PersonFromPersonEntityMapper.Map(_entityStore.GetEntity<PersonEntity>(entityId.Value));
            }
            else {
                throw new global::System.NotSupportedException();
            }
        }
    }
}


// GetPeopleInfo

namespace StrawberryShake.GraphQL
{
    [global::System.CodeDom.Compiler.GeneratedCode("StrawberryShake", "11.0.0")]
    public partial class GetPeopleInfo
        : global::StrawberryShake.IOperationResultDataInfo
    {
        private readonly global::System.Collections.Generic.IReadOnlyCollection<global::StrawberryShake.EntityId> _entityIds;
        private readonly ulong _version;

        public GetPeopleInfo(
            IGetPeople_PeopleData? people,
            global::System.Collections.Generic.IReadOnlyCollection<global::StrawberryShake.EntityId> entityIds,
            ulong version)
        {
            People = people;
            _entityIds = entityIds
                 ?? throw new global::System.ArgumentNullException(nameof(entityIds));
            _version = version;
        }

        public IGetPeople_PeopleData? People { get; }

        public global::System.Collections.Generic.IReadOnlyCollection<global::StrawberryShake.EntityId> EntityIds => _entityIds;

        public ulong Version => _version;

        public global::StrawberryShake.IOperationResultDataInfo WithVersion(ulong version)
        {
            return new GetPeopleInfo(
                People,
                _entityIds,
                _version
            );
        }
    }
}


// GetPeople

namespace StrawberryShake.GraphQL
{
    [global::System.CodeDom.Compiler.GeneratedCode("StrawberryShake", "11.0.0")]
    public partial class GetPeople
        : IGetPeople
    {
        public GetPeople(IGetPeople_People? people)
        {
            People = people;
        }

        public IGetPeople_People? People { get; }
    }
}


// GetPeople_People_PersonConnection

namespace StrawberryShake.GraphQL
{
    [global::System.CodeDom.Compiler.GeneratedCode("StrawberryShake", "11.0.0")]
    public partial class GetPeople_People_PersonConnection
        : IGetPeople_People_PersonConnection
    {
        public GetPeople_People_PersonConnection(global::System.Collections.Generic.IReadOnlyList<IGetPeople_People_Nodes?>? nodes)
        {
            Nodes = nodes;
        }

        public global::System.Collections.Generic.IReadOnlyList<IGetPeople_People_Nodes?>? Nodes { get; }
    }
}


// GetPeople_People_PersonConnectionData

namespace StrawberryShake.GraphQL
{
    [global::System.CodeDom.Compiler.GeneratedCode("StrawberryShake", "11.0.0")]
    public partial class GetPeople_People_PersonConnectionData
        : IGetPeople_People_PersonConnectionData
    {
        public GetPeople_People_PersonConnectionData(
            global::System.String typename,
            global::System.Collections.Generic.IReadOnlyList<global::StrawberryShake.EntityId?>? nodes)
        {
            __typename = typename
                 ?? throw new global::System.ArgumentNullException(nameof(typename));
            Nodes = nodes;
        }

        public global::System.String __typename { get; }

        public global::System.Collections.Generic.IReadOnlyList<global::StrawberryShake.EntityId?>? Nodes { get; }
    }
}


// GetPeople_People_Nodes_PersonFromPersonEntityMapper

namespace StrawberryShake.GraphQL
{
    [global::System.CodeDom.Compiler.GeneratedCode("StrawberryShake", "11.0.0")]
    public partial class GetPeople_People_Nodes_PersonFromPersonEntityMapper
        : global::StrawberryShake.IEntityMapper<PersonEntity, GetPeople_People_Nodes_Person>
    {
        public GetPeople_People_Nodes_Person Map(PersonEntity entity)
        {
            return new GetPeople_People_Nodes_Person(
                entity.Name,
                entity.Email,
                entity.IsOnline
            );
        }
    }
}


// GetPeople_People_Nodes_Person

namespace StrawberryShake.GraphQL
{
    [global::System.CodeDom.Compiler.GeneratedCode("StrawberryShake", "11.0.0")]
    public partial class GetPeople_People_Nodes_Person
        : IGetPeople_People_Nodes_Person
    {
        public GetPeople_People_Nodes_Person(
            global::System.String name,
            global::System.String email,
            global::System.Boolean isOnline)
        {
            Name = name;
            Email = email;
            IsOnline = isOnline;
        }

        public global::System.String Name { get; }

        public global::System.String Email { get; }

        public global::System.Boolean IsOnline { get; }
    }
}


// IGetPeople

namespace StrawberryShake.GraphQL
{
    [global::System.CodeDom.Compiler.GeneratedCode("StrawberryShake", "11.0.0")]
    public interface IGetPeople
    {
        public IGetPeople_People? People { get; }
    }
}


// IGetPeople_People

namespace StrawberryShake.GraphQL
{
    [global::System.CodeDom.Compiler.GeneratedCode("StrawberryShake", "11.0.0")]
    public interface IGetPeople_People
    {
        public global::System.Collections.Generic.IReadOnlyList<IGetPeople_People_Nodes?>? Nodes { get; }
    }
}


// IGetPeople_PeopleData

namespace StrawberryShake.GraphQL
{
    [global::System.CodeDom.Compiler.GeneratedCode("StrawberryShake", "11.0.0")]
    public interface IGetPeople_PeopleData
    {
        public global::System.String __typename { get; }

        public global::System.Collections.Generic.IReadOnlyList<global::StrawberryShake.EntityId?>? Nodes { get; }
    }
}


// IGetPeople_People_PersonConnection

namespace StrawberryShake.GraphQL
{
    [global::System.CodeDom.Compiler.GeneratedCode("StrawberryShake", "11.0.0")]
    public interface IGetPeople_People_PersonConnection
        : IGetPeople_People
    {
    }
}


// IGetPeople_People_PersonConnectionData

namespace StrawberryShake.GraphQL
{
    [global::System.CodeDom.Compiler.GeneratedCode("StrawberryShake", "11.0.0")]
    public interface IGetPeople_People_PersonConnectionData
        : IGetPeople_PeopleData
    {
        public global::System.String __typename { get; }
    }
}


// IGetPeople_People_Nodes

namespace StrawberryShake.GraphQL
{
    [global::System.CodeDom.Compiler.GeneratedCode("StrawberryShake", "11.0.0")]
    public interface IGetPeople_People_Nodes
    {
        public global::System.String Name { get; }

        public global::System.String Email { get; }

        public global::System.Boolean IsOnline { get; }
    }
}


// IGetPeople_People_Nodes_Person

namespace StrawberryShake.GraphQL
{
    [global::System.CodeDom.Compiler.GeneratedCode("StrawberryShake", "11.0.0")]
    public interface IGetPeople_People_Nodes_Person
        : IGetPeople_People_Nodes
    {
    }
}


// GetPeopleQueryDocument

namespace StrawberryShake.GraphQL
{
    [global::System.CodeDom.Compiler.GeneratedCode("StrawberryShake", "11.0.0")]
    public partial class GetPeopleQueryDocument
        : global::StrawberryShake.IDocument
    {
        private const global::System.String _bodyString = 
            @"query GetPeople {
  people(order_by: { name: ASC }) {
    __typename
    nodes {
      __typename
      name
      email
      isOnline
      ... on Person {
        id
      }
    }
  }
}";
        private static readonly byte[] _body = global::System.Text.Encoding.UTF8.GetBytes(_bodyString);

        private GetPeopleQueryDocument()
        {
        }

        public static GetPeopleQueryDocument Instance { get; } = new GetPeopleQueryDocument();

        public global::StrawberryShake.OperationKind Kind => global::StrawberryShake.OperationKind.Query;

        public global::System.ReadOnlySpan<byte> Body => _body;

        public override string ToString()
        {
            return _bodyString;
        }
    }
}


// GetPeopleQuery

namespace StrawberryShake.GraphQL
{
    [global::System.CodeDom.Compiler.GeneratedCode("StrawberryShake", "11.0.0")]
    public partial class GetPeopleQuery
    {
        private readonly global::StrawberryShake.IOperationExecutor<IGetPeople> _operationExecutor;

        public GetPeopleQuery(global::StrawberryShake.IOperationExecutor<IGetPeople> operationExecutor)
        {
            _operationExecutor = operationExecutor
                 ?? throw new global::System.ArgumentNullException(nameof(operationExecutor));
        }

        public async global::System.Threading.Tasks.Task<global::StrawberryShake.IOperationResult<IGetPeople>> ExecuteAsync(global::System.Threading.CancellationToken cancellationToken = default)
        {
            var request = CreateRequest();
            
            return await _operationExecutor
                .ExecuteAsync(
                    request,
                    cancellationToken
                )
                .ConfigureAwait(false);
        }

        public global::System.IObservable<global::StrawberryShake.IOperationResult<IGetPeople>> Watch(global::StrawberryShake.ExecutionStrategy? strategy = null)
        {
            var request = CreateRequest();
            return _operationExecutor.Watch(request, strategy);
        }

        private global::StrawberryShake.OperationRequest CreateRequest()
        {

            return new global::StrawberryShake.OperationRequest(
                "GetPeople",
                GetPeopleQueryDocument.Instance
            );
        }
    }
}


// GetPeopleBuilder

namespace StrawberryShake.GraphQL
{
    [global::System.CodeDom.Compiler.GeneratedCode("StrawberryShake", "11.0.0")]
    public partial class GetPeopleBuilder
        : global::StrawberryShake.IOperationResultBuilder<global::System.Text.Json.JsonDocument, IGetPeople>
    {
        private readonly global::StrawberryShake.IEntityStore _entityStore;
        private readonly global::System.Func<global::System.Text.Json.JsonElement, global::StrawberryShake.EntityId> _extractId;
        private readonly global::StrawberryShake.IOperationResultDataFactory<IGetPeople> _resultDataFactory;
        private global::StrawberryShake.Serialization.ILeafValueParser<global::System.String, global::System.String> _stringParser;
        private global::StrawberryShake.Serialization.ILeafValueParser<global::System.Boolean, global::System.Boolean> _booleanParser;

        public GetPeopleBuilder(
            global::StrawberryShake.IEntityStore entityStore,
            global::System.Func<global::System.Text.Json.JsonElement, global::StrawberryShake.EntityId> extractId,
            global::StrawberryShake.IOperationResultDataFactory<IGetPeople> resultDataFactory,
            global::StrawberryShake.Serialization.ISerializerResolver serializerResolver)
        {
            _entityStore = entityStore
                 ?? throw new global::System.ArgumentNullException(nameof(entityStore));
            _extractId = extractId
                 ?? throw new global::System.ArgumentNullException(nameof(extractId));
            _resultDataFactory = resultDataFactory
                 ?? throw new global::System.ArgumentNullException(nameof(resultDataFactory));
            _stringParser = serializerResolver.GetLeafValueParser<global::System.String, global::System.String>("String")
                 ?? throw new global::System.ArgumentNullException(nameof(_stringParser));
            _booleanParser = serializerResolver.GetLeafValueParser<global::System.Boolean, global::System.Boolean>("Boolean")
                 ?? throw new global::System.ArgumentNullException(nameof(_booleanParser));
        }

        public global::StrawberryShake.IOperationResult<IGetPeople> Build(global::StrawberryShake.Response<global::System.Text.Json.JsonDocument> response)
        {
            (IGetPeople Result, GetPeopleInfo Info)? data = null;

            if (response.Body is not null
                && response.Body.RootElement.TryGetProperty("data", out global::System.Text.Json.JsonElement obj))
            {
                data = BuildData(obj);
            }

            return new global::StrawberryShake.OperationResult<IGetPeople>(
                data?.Result,
                data?.Info,
                _resultDataFactory,
                null
            );
        }

        private (IGetPeople, GetPeopleInfo) BuildData(global::System.Text.Json.JsonElement obj)
        {
            using global::StrawberryShake.IEntityUpdateSession session = _entityStore.BeginUpdate();
            var entityIds = new global::System.Collections.Generic.HashSet<global::StrawberryShake.EntityId>();


            var resultInfo = new GetPeopleInfo(
                DeserializeIGetPeople_People(
                    global::StrawberryShake.Transport.Http.JsonElementExtensions.GetPropertyOrNull(obj, "people"),
                    entityIds
                ),
                entityIds,
                session.Version
            );

            return (_resultDataFactory.Create(resultInfo), resultInfo);
        }

        private IGetPeople_PeopleData? DeserializeIGetPeople_People(
            global::System.Text.Json.JsonElement? obj,
            global::System.Collections.Generic.ISet<global::StrawberryShake.EntityId> entityIds)
        {
            if (!obj.HasValue)
            {
                return null;
            }

            var typename = obj.Value.GetProperty("__typename").GetString();

            if (typename.Equals("PersonConnection", global::System.StringComparison.Ordinal))
            {
                return new GetPeople_People_PersonConnectionData(
                    typename,
                    UpdateIGetPeople_People_NodesEntityArray(
                        global::StrawberryShake.Transport.Http.JsonElementExtensions.GetPropertyOrNull(obj.Value, "nodes"),
                        entityIds
                    )
                );
            }

            throw new global::System.NotSupportedException();
        }

        private global::System.Collections.Generic.IReadOnlyList<global::StrawberryShake.EntityId?>? UpdateIGetPeople_People_NodesEntityArray(
            global::System.Text.Json.JsonElement? obj,
            global::System.Collections.Generic.ISet<global::StrawberryShake.EntityId> entityIds)
        {
            if (!obj.HasValue)
            {
                return null;
            }

            var iGetPeople_People_Nodess = new global::System.Collections.Generic.List<global::StrawberryShake.EntityId?>();

            foreach (global::System.Text.Json.JsonElement child in obj.Value.EnumerateArray())
            {
                iGetPeople_People_Nodess.Add(UpdateIGetPeople_People_NodesEntity(
                    child,
                    entityIds
                ));
            }

            return iGetPeople_People_Nodess;
        }

        private global::StrawberryShake.EntityId? UpdateIGetPeople_People_NodesEntity(
            global::System.Text.Json.JsonElement? obj,
            global::System.Collections.Generic.ISet<global::StrawberryShake.EntityId> entityIds)
        {
            if (!obj.HasValue)
            {
                return null;
            }

            global::StrawberryShake.EntityId entityId = _extractId(obj.Value);
            entityIds.Add(entityId);


            if (entityId.Name.Equals("Person", global::System.StringComparison.Ordinal))
            {
                PersonEntity entity = _entityStore.GetOrCreate<PersonEntity>(entityId);
                entity.Name = DeserializeNonNullableString(global::StrawberryShake.Transport.Http.JsonElementExtensions.GetPropertyOrNull(obj.Value, "name"));
                entity.Email = DeserializeNonNullableString(global::StrawberryShake.Transport.Http.JsonElementExtensions.GetPropertyOrNull(obj.Value, "email"));
                entity.IsOnline = DeserializeNonNullableBoolean(global::StrawberryShake.Transport.Http.JsonElementExtensions.GetPropertyOrNull(obj.Value, "isOnline"));

                return entityId;
            }

            throw new global::System.NotSupportedException();
        }

        private global::System.String DeserializeNonNullableString(global::System.Text.Json.JsonElement? obj)
        {
            if (!obj.HasValue)
            {
                throw new global::System.ArgumentNullException();
            }

            return _stringParser.Parse(obj.Value.GetString()!);
        }

        private global::System.Boolean DeserializeNonNullableBoolean(global::System.Text.Json.JsonElement? obj)
        {
            if (!obj.HasValue)
            {
                throw new global::System.ArgumentNullException();
            }

            return _booleanParser.Parse(obj.Value.GetBoolean()!);
        }
    }
}


// GraphQL

namespace StrawberryShake.GraphQL
{
    [global::System.CodeDom.Compiler.GeneratedCode("StrawberryShake", "11.0.0")]
    public partial class GraphQL
    {
        private readonly GetPeopleQuery _getPeopleQuery;

        public GraphQL(GetPeopleQuery getPeopleQuery)
        {
            _getPeopleQuery = getPeopleQuery
                 ?? throw new global::System.ArgumentNullException(nameof(getPeopleQuery));
        }

        public GetPeopleQuery GetPeopleQuery => _getPeopleQuery;
    }
}


// EntityIdFactory

namespace StrawberryShake.GraphQL
{
    [global::System.CodeDom.Compiler.GeneratedCode("StrawberryShake", "11.0.0")]
    public static partial class EntityIdFactory
    {
        public static global::StrawberryShake.EntityId CreateEntityId(global::System.Text.Json.JsonElement obj)
        {
            global::System.String typeName = obj.GetProperty("__typename").GetString()!;
            
            return typeName switch
            {
                "Person" => CreatePersonEntityId(obj, typeName),
                _ => throw new global::System.NotSupportedException()
            };
        }

        private static global::StrawberryShake.EntityId CreatePersonEntityId(
            global::System.Text.Json.JsonElement obj,
            global::System.String type)
        {
            return new global::StrawberryShake.EntityId(
                type,
                obj.GetProperty("id").GetString()!);
        }
    }
}


// GraphQLServiceCollectionExtensions

namespace StrawberryShake.GraphQL
{
    [global::System.CodeDom.Compiler.GeneratedCode("StrawberryShake", "11.0.0")]
    public static partial class GraphQLServiceCollectionExtensions
    {
        public static global::Microsoft.Extensions.DependencyInjection.IServiceCollection AddGraphQL(
            this global::Microsoft.Extensions.DependencyInjection.IServiceCollection services,
            global::StrawberryShake.ExecutionStrategy strategy = global::StrawberryShake.ExecutionStrategy.NetworkOnly)
        {
            var serviceCollection = new global::Microsoft.Extensions.DependencyInjection.ServiceCollection();

            ConfigureClient(
                serviceCollection,
                strategy
            );

            global::Microsoft.Extensions.DependencyInjection.ServiceCollectionServiceExtensions.AddSingleton(
                services,
                sp => new ClientServiceProvider(sp)
            );

            global::Microsoft.Extensions.DependencyInjection.ServiceCollectionServiceExtensions.AddSingleton(
                services,
                sp => global::Microsoft.Extensions.DependencyInjection.ServiceProviderServiceExtensions.GetRequiredService<GetPeopleQuery>(
                    global::Microsoft.Extensions.DependencyInjection.ServiceProviderServiceExtensions.GetRequiredService<ClientServiceProvider>(sp)
                )
            );

            global::Microsoft.Extensions.DependencyInjection.ServiceCollectionServiceExtensions.AddSingleton(
                services,
                sp => global::Microsoft.Extensions.DependencyInjection.ServiceProviderServiceExtensions.GetRequiredService<GraphQL>(
                    global::Microsoft.Extensions.DependencyInjection.ServiceProviderServiceExtensions.GetRequiredService<ClientServiceProvider>(sp)
                )
            );

            return services;
        }

        private static global::Microsoft.Extensions.DependencyInjection.IServiceCollection ConfigureClient(
            global::Microsoft.Extensions.DependencyInjection.IServiceCollection services,
            global::StrawberryShake.ExecutionStrategy strategy = global::StrawberryShake.ExecutionStrategy.NetworkOnly)
        {
            
            if (services is null)
            {
                throw new global::System.ArgumentNullException(nameof(services));
            }
            
            // register entity id factory
            
            global::Microsoft.Extensions.DependencyInjection.ServiceCollectionServiceExtensions.AddSingleton<global::System.Func<global::System.Text.Json.JsonElement, global::StrawberryShake.EntityId>>(services, EntityIdFactory.CreateEntityId);
            
            // register stores
            
            global::Microsoft.Extensions.DependencyInjection.Extensions.ServiceCollectionDescriptorExtensions.TryAddSingleton<
                global::StrawberryShake.IEntityStore,
                global::StrawberryShake.EntityStore>(
                    services);
            global::Microsoft.Extensions.DependencyInjection.Extensions.ServiceCollectionDescriptorExtensions.TryAddSingleton<
                global::StrawberryShake.IOperationStore>(
                    services,
                    sp => new global::StrawberryShake.OperationStore(
                        global::Microsoft.Extensions.DependencyInjection.ServiceProviderServiceExtensions.GetRequiredService<
                            global::StrawberryShake.IEntityStore
                            >(sp)
                        .Watch()
                        ));
            
            // register connections
            
            global::Microsoft.Extensions.DependencyInjection.ServiceCollectionServiceExtensions.AddSingleton(
                services,
                sp =>
                {
                    var clientFactory =
                        global::Microsoft.Extensions.DependencyInjection.ServiceProviderServiceExtensions.GetRequiredService<
                            global::System.Net.Http.IHttpClientFactory
                            >(sp);
            
                    return new global::StrawberryShake.Transport.Http.HttpConnection(
                        () => clientFactory.CreateClient("GraphQL"));
                });
            
            // register mappers
            
            global::Microsoft.Extensions.DependencyInjection.ServiceCollectionServiceExtensions.AddSingleton<global::StrawberryShake.IEntityMapper<PersonEntity, GetPeople_People_Nodes_Person>, GetPeople_People_Nodes_PersonFromPersonEntityMapper>(services);
            
            // register serializers
            
            global::Microsoft.Extensions.DependencyInjection.ServiceCollectionServiceExtensions.AddSingleton<global::StrawberryShake.Serialization.ISerializer, global::StrawberryShake.Serialization.StringSerializer>(services);
            global::Microsoft.Extensions.DependencyInjection.ServiceCollectionServiceExtensions.AddSingleton<global::StrawberryShake.Serialization.ISerializer, global::StrawberryShake.Serialization.BooleanSerializer>(services);
            global::Microsoft.Extensions.DependencyInjection.ServiceCollectionServiceExtensions.AddSingleton<global::StrawberryShake.Serialization.ISerializer, global::StrawberryShake.Serialization.ByteSerializer>(services);
            global::Microsoft.Extensions.DependencyInjection.ServiceCollectionServiceExtensions.AddSingleton<global::StrawberryShake.Serialization.ISerializer, global::StrawberryShake.Serialization.ShortSerializer>(services);
            global::Microsoft.Extensions.DependencyInjection.ServiceCollectionServiceExtensions.AddSingleton<global::StrawberryShake.Serialization.ISerializer, global::StrawberryShake.Serialization.IntSerializer>(services);
            global::Microsoft.Extensions.DependencyInjection.ServiceCollectionServiceExtensions.AddSingleton<global::StrawberryShake.Serialization.ISerializer, global::StrawberryShake.Serialization.LongSerializer>(services);
            global::Microsoft.Extensions.DependencyInjection.ServiceCollectionServiceExtensions.AddSingleton<global::StrawberryShake.Serialization.ISerializer, global::StrawberryShake.Serialization.FloatSerializer>(services);
            global::Microsoft.Extensions.DependencyInjection.ServiceCollectionServiceExtensions.AddSingleton<global::StrawberryShake.Serialization.ISerializer, global::StrawberryShake.Serialization.DecimalSerializer>(services);
            global::Microsoft.Extensions.DependencyInjection.ServiceCollectionServiceExtensions.AddSingleton<global::StrawberryShake.Serialization.ISerializer, global::StrawberryShake.Serialization.UrlSerializer>(services);
            global::Microsoft.Extensions.DependencyInjection.ServiceCollectionServiceExtensions.AddSingleton<global::StrawberryShake.Serialization.ISerializer, global::StrawberryShake.Serialization.UuidSerializer>(services);
            global::Microsoft.Extensions.DependencyInjection.ServiceCollectionServiceExtensions.AddSingleton<global::StrawberryShake.Serialization.ISerializer, global::StrawberryShake.Serialization.IdSerializer>(services);
            global::Microsoft.Extensions.DependencyInjection.ServiceCollectionServiceExtensions.AddSingleton<global::StrawberryShake.Serialization.ISerializer, global::StrawberryShake.Serialization.DateTimeSerializer>(services);
            global::Microsoft.Extensions.DependencyInjection.ServiceCollectionServiceExtensions.AddSingleton<global::StrawberryShake.Serialization.ISerializer, global::StrawberryShake.Serialization.DateSerializer>(services);
            global::Microsoft.Extensions.DependencyInjection.ServiceCollectionServiceExtensions.AddSingleton<global::StrawberryShake.Serialization.ISerializer, global::StrawberryShake.Serialization.ByteArraySerializer>(services);
            global::Microsoft.Extensions.DependencyInjection.ServiceCollectionServiceExtensions.AddSingleton<global::StrawberryShake.Serialization.ISerializer, global::StrawberryShake.Serialization.TimeSpanSerializer>(services);
            global::Microsoft.Extensions.DependencyInjection.ServiceCollectionServiceExtensions.AddSingleton<global::StrawberryShake.Serialization.ISerializerResolver, global::StrawberryShake.Serialization.SerializerResolver>(services);
            
            // register operations
            
            global::Microsoft.Extensions.DependencyInjection.ServiceCollectionServiceExtensions.AddSingleton<
                global::StrawberryShake.IOperationResultDataFactory<IGetPeople>,
                GetPeopleFactory>(
                    services);
            global::Microsoft.Extensions.DependencyInjection.ServiceCollectionServiceExtensions.AddSingleton<
                global::StrawberryShake.IOperationResultBuilder<global::System.Text.Json.JsonDocument, IGetPeople>,
                GetPeopleBuilder>(
                    services);
            global::Microsoft.Extensions.DependencyInjection.ServiceCollectionServiceExtensions.AddSingleton<
                global::StrawberryShake.IOperationExecutor<IGetPeople>>(
                    services,
                    sp => new global::StrawberryShake.OperationExecutor<global::System.Text.Json.JsonDocument, IGetPeople>(
                        global::Microsoft.Extensions.DependencyInjection.ServiceProviderServiceExtensions.GetRequiredService<global::StrawberryShake.Transport.Http.HttpConnection>(sp),
                        () => global::Microsoft.Extensions.DependencyInjection.ServiceProviderServiceExtensions.GetRequiredService<global::StrawberryShake.IOperationResultBuilder<global::System.Text.Json.JsonDocument, IGetPeople>>(sp),
                        global::Microsoft.Extensions.DependencyInjection.ServiceProviderServiceExtensions.GetRequiredService<global::StrawberryShake.IOperationStore>(sp),
                        strategy));
            
            global::Microsoft.Extensions.DependencyInjection.ServiceCollectionServiceExtensions.AddSingleton<GetPeopleQuery>(services);
            
            global::Microsoft.Extensions.DependencyInjection.ServiceCollectionServiceExtensions.AddSingleton<GraphQL>(services);
            
            return services;
        }

        private class ClientServiceProvider
            : System.IServiceProvider
            , System.IDisposable
        {
            private readonly System.IServiceProvider _provider;

            public ClientServiceProvider(System.IServiceProvider provider)
            {
                _provider = provider;
            }

            public object? GetService(System.Type serviceType)
            {
                return _provider.GetService(serviceType);
            }

            public void Dispose()
            {
                if (_provider is System.IDisposable d)
                {
                    d.Dispose();
                }
            }
        }
    }
}


