testatestAndtestb Result:
---------------
{
  "data": {
    "root": [
      {
        "bar": "testatest"
      },
      {
        "bar": "testbtest"
      }
    ]
  }
}
---------------

testatestAndtestb SQL:
---------------
from 'Foos' where Bar in ($p0)
---------------

testbtestAndNull
---------------
{
  "errors": [
    {
      "message": "The provided value for filter `in` of type StringOperationFilterInput is invalid. Null values are not supported.",
      "locations": [
        {
          "line": 1,
          "column": 28
        }
      ],
      "path": [
        "root"
      ],
      "extensions": {
        "code": "HC0026",
        "expectedType": "[String!]",
        "filterType": "StringOperationFilterInput"
      }
    }
  ],
  "data": {
    "root": null
  }
}
---------------

testatest Result:
---------------
{
  "data": {
    "root": [
      {
        "bar": "testatest"
      }
    ]
  }
}
---------------

testatest SQL:
---------------
from 'Foos' where Bar in ($p0)
---------------
