a Result:
---------------
{
  "data": {
    "root": [
      {
        "foo": {
          "objectArray": [
            {
              "foo": {
                "barString": "a"
              }
            }
          ]
        }
      }
    ]
  }
}
---------------

a SQL:
---------------
from 'Bars' where Foo.ObjectArray[].Foo.BarString = $p0
---------------

b Result:
---------------
{
  "data": {
    "root": [
      {
        "foo": {
          "objectArray": [
            {
              "foo": {
                "barString": "d"
              }
            }
          ]
        }
      }
    ]
  }
}
---------------

b SQL:
---------------
from 'Bars' where Foo.ObjectArray[].Foo.BarString = $p0
---------------

null
---------------
{
  "errors": [
    {
      "message": "The provided value for filter `eq` of type StringOperationFilterInput is invalid. Null values are not supported.",
      "locations": [
        {
          "line": 1,
          "column": 70
        }
      ],
      "path": [
        "root"
      ],
      "extensions": {
        "code": "HC0026",
        "expectedType": "String!",
        "filterType": "StringOperationFilterInput"
      }
    }
  ],
  "data": {
    "root": null
  }
}
---------------
