true Result:
---------------
{
  "data": {
    "root": [
      {
        "bar": null
      },
      {
        "bar": false
      }
    ]
  }
}
---------------

true SQL:
---------------
from 'FooNullables' where Bar != $p0
---------------

false Result:
---------------
{
  "data": {
    "root": [
      {
        "bar": true
      },
      {
        "bar": null
      }
    ]
  }
}
---------------

false SQL:
---------------
from 'FooNullables' where Bar != $p0
---------------

null Result:
---------------
{
  "data": {
    "root": [
      {
        "bar": true
      },
      {
        "bar": false
      }
    ]
  }
}
---------------

null SQL:
---------------
from 'FooNullables' where Bar != $p0
---------------
