{
  "data": {
    "root": [
      {
        "foo": {
          "barString": "testdtest"
        }
      },
      {
        "foo": {
          "barString": "testctest"
        }
      },
      {
        "foo": {
          "barString": "testbtest"
        }
      },
      {
        "foo": {
          "barString": "testatest"
        }
      },
      {
        "foo": null
      },
      null
    ]
  }
}
