{
  "Message": "More than one argument with the same name in an argument set is ambiguous and invalid.",
  "Locations": [
    {
      "Line": 8,
      "Column": 51
    }
  ],
  "Path": "/arguments",
  "Extensions": {
    "type": "Arguments",
    "field": "nonNullBooleanArgField",
    "argument": "nonNullBooleanArg",
    "specifiedBy": "https://spec.graphql.org/October2021/#sec-Argument-Uniqueness"
  }
}
