---------------
{
  "Message": "More than one argument with the same name in an argument set is ambiguous and invalid.",
  "Locations": [
    {
      "Line": 2,
      "Column": 42
    }
  ],
  "Path": "/fieldWithArg",
  "Extensions": {
    "directive": "directive",
    "argument": "arg1",
    "specifiedBy": "https://spec.graphql.org/October2021/#sec-Argument-Uniqueness"
  }
}
---------------

---------------
{
  "Message": "More than one argument with the same name in an argument set is ambiguous and invalid.",
  "Locations": [
    {
      "Line": 2,
      "Column": 57
    }
  ],
  "Path": "/fieldWithArg",
  "Extensions": {
    "directive": "directive",
    "argument": "arg1",
    "specifiedBy": "https://spec.graphql.org/October2021/#sec-Argument-Uniqueness"
  }
}
---------------
