[
  {
    "Message": "The defer and stream directives are not allowed to be used on root fields of the mutation or subscription type.",
    "Code": null,
    "Path": null,
    "Locations": [
      {
        "Line": 2,
        "Column": 17
      }
    ],
    "Extensions": {
      "specifiedBy": "https://spec.graphql.org/October2021/#sec-Defer-And-Stream-Directives-Are-Used-On-Valid-Root-Field"
    },
    "Exception": null
  }
]
