[
  {
    "Message": "A document containing operations that define more than one variable with the same name is invalid for execution.",
    "Code": null,
    "Path": null,
    "Locations": [
      {
        "Line": 3,
        "Column": 45
      }
    ],
    "Extensions": {
      "variable": "atOtherHomes",
      "variableType": "Boolean",
      "specifiedBy": "https://spec.graphql.org/October2021/#sec-Variable-Uniqueness"
    },
    "Exception": null
  }
]
