[
  {
    "Message": "Encountered fields for the same object that cannot be merged.",
    "Code": null,
    "Path": null,
    "Locations": [
      {
        "Line": 4,
        "Column": 13
      },
      {
        "Line": 9,
        "Column": 13
      }
    ],
    "Extensions": {
      "declaringTypeA": "IntBox",
      "declaringTypeB": "StringBox",
      "fieldA": "stringBox",
      "fieldB": "listStringBox",
      "typeA": "StringBox",
      "typeB": "[StringBox]",
      "responseNameA": "box",
      "responseNameB": "box",
      "specifiedBy": "https://spec.graphql.org/October2021/#sec-Field-Selection-Merging"
    },
    "Exception": null
  }
]
