{
  "Message": "A union type cannot declare a field directly. Use inline fragments or fragments instead.",
  "Code": null,
  "Path": {
    "Parent": null,
    "Name": "catOrDog",
    "Index": null,
    "Depth": 0
  },
  "Locations": [
    {
      "Line": 8,
      "Column": 66
    }
  ],
  "Extensions": {
    "specifiedBy": "http://spec.graphql.org/June2018/#sec-Field-Selections-on-Objects-Interfaces-and-Unions-Types",
    "type": "CatOrDog"
  },
  "Exception": null
}
