[
  {
    "Message": "Encountered fields for the same object that cannot be merged.",
    "Code": null,
    "Path": null,
    "Locations": [
      {
        "Line": 9,
        "Column": 21
      },
      {
        "Line": 10,
        "Column": 21
      }
    ],
    "Extensions": {
      "declaringTypeA": "Dog",
      "declaringTypeB": "Dog",
      "fieldA": "doesKnowCommand",
      "fieldB": "doesKnowCommand",
      "typeA": "Boolean!",
      "typeB": "Boolean!",
      "responseNameA": "doesKnowCommand",
      "responseNameB": "doesKnowCommand",
      "specifiedBy": "http://spec.graphql.org/June2018/#sec-Field-Selection-Merging"
    },
    "Exception": null,
    "SyntaxNode": {
      "Kind": "Field",
      "Alias": null,
      "Arguments": [],
      "SelectionSet": null,
      "Location": {
        "Start": 249,
        "End": 282,
        "Line": 10,
        "Column": 21
      },
      "Name": {
        "Kind": "Name",
        "Location": {
          "Start": 249,
          "End": 282,
          "Line": 10,
          "Column": 21
        },
        "Value": "doesKnowCommand"
      },
      "Directives": []
    }
  }
]
