{
  "message": "The parent type does not match the type condition on the fragment.",
  "locations": [
    {
      "line": 8,
      "column": 1
    }
  ],
  "path": [
    "human"
  ],
  "extensions": {
    "typeCondition": "CatOrDog",
    "selectionSetType": "Human",
    "fragment": "catOrDogFragment",
    "specifiedBy": "https://spec.graphql.org/October2021/#sec-Fragment-spread-is-possible"
  }
}
