[
  {
    "Message": "Baz",
    "Code": "HC0046",
    "Path": null,
    "Locations": [
      {
        "Line": 2,
        "Column": 5
      }
    ],
    "Extensions": {
      "code": "HC0046",
      "field": {
        "Kind": "Name",
        "Location": {
          "Start": 6,
          "End": 16,
          "Line": 2,
          "Column": 5
        },
        "Value": "__schema"
      }
    },
    "Exception": null
  }
]
