[
  {
    "Message": "Field \"pets\" of type \"[Pet]\" must have a selection of subfields. Did you mean \"pets { ... }\"?",
    "Code": null,
    "Path": {
      "Name": "human",
      "Parent": {
        "Parent": null,
        "Length": 0,
        "IsRoot": true
      },
      "Length": 1,
      "IsRoot": false
    },
    "Locations": [
      {
        "Line": 3,
        "Column": 29
      }
    ],
    "Extensions": {
      "declaringType": "Human",
      "field": "pets",
      "type": "[Pet]",
      "responseName": "pets",
      "specifiedBy": "https://spec.graphql.org/October2021/#sec-Field-Selections-on-Objects-Interfaces-and-Unions-Types"
    },
    "Exception": null
  }
]
