{
  "message": "Operation \u0060Foo\u0060 has an empty selection set. Root types without subfields are disallowed.",
  "locations": [
    {
      "line": 1,
      "column": 1
    }
  ],
  "extensions": {
    "specifiedBy": "https://spec.graphql.org/October2021/#sec-Field-Selections-on-Objects-Interfaces-and-Unions-Types"
  }
}
