{
  "message": "Field \u0022furColor\u0022 must not have a selection since type \u0022FurColor\u0022 has no subfields.",
  "locations": [
    {
      "line": 4,
      "column": 7
    }
  ],
  "extensions": {
    "declaringType": "Cat",
    "field": "furColor",
    "type": "FurColor",
    "responseName": "furColor",
    "specifiedBy": "https://spec.graphql.org/September2025/#sec-Leaf-Field-Selections"
  }
}
