[
  {
    "Message": "The following variables were not declared: b.",
    "Code": null,
    "Path": null,
    "Locations": [
      {
        "Line": 2,
        "Column": 17
      }
    ],
    "Extensions": {
      "specifiedBy": "http://spec.graphql.org/June2018/#sec-All-Variable-Uses-Defined"
    },
    "Exception": null
  },
  {
    "Message": "The following variables were not declared: b.",
    "Code": null,
    "Path": null,
    "Locations": [
      {
        "Line": 6,
        "Column": 17
      }
    ],
    "Extensions": {
      "specifiedBy": "http://spec.graphql.org/June2018/#sec-All-Variable-Uses-Defined"
    },
    "Exception": null
  }
]
