---------------
{
  "message": "The specified fragment \u0060bar\u0060 does not exist.",
  "locations": [
    {
      "line": 3,
      "column": 5
    }
  ],
  "path": [
    "human"
  ],
  "extensions": {
    "fragment": "bar",
    "specifiedBy": "https://spec.graphql.org/October2021/#sec-Fragment-spread-target-defined"
  }
}
---------------

---------------
{
  "message": "The specified fragment \u0060foo\u0060 is not used within the current document.",
  "locations": [
    {
      "line": 6,
      "column": 1
    }
  ],
  "extensions": {
    "fragment": "foo",
    "specifiedBy": "https://spec.graphql.org/October2021/#sec-Fragments-Must-Be-Used"
  }
}
---------------
