[
  {
    "Message": "The argument `if` is required.",
    "Code": null,
    "Path": {
      "Parent": null,
      "Name": "dog",
      "Index": null,
      "Depth": 0
    },
    "Locations": [
      {
        "Line": 3,
        "Column": 25
      }
    ],
    "Extensions": {
      "directive": "include",
      "argument": "if",
      "specifiedBy": "http://spec.graphql.org/June2018/#sec-Required-Arguments"
    },
    "Exception": null
  },
  {
    "Message": "The argument `if` is required.",
    "Code": null,
    "Path": {
      "Parent": {
        "Parent": null,
        "Name": "dog",
        "Index": null,
        "Depth": 0
      },
      "Name": "name",
      "Index": null,
      "Depth": 1
    },
    "Locations": [
      {
        "Line": 4,
        "Column": 30
      }
    ],
    "Extensions": {
      "directive": "skip",
      "argument": "if",
      "specifiedBy": "http://spec.graphql.org/June2018/#sec-Required-Arguments"
    },
    "Exception": null
  }
]
