{
  "Message": "The argument `nonNullBooleanArg` is required.",
  "Locations": [
    {
      "Line": 8,
      "Column": 26
    }
  ],
  "Path": "/arguments",
  "Extensions": {
    "type": "Arguments",
    "field": "nonNullBooleanArgField",
    "argument": "nonNullBooleanArg",
    "specifiedBy": "https://spec.graphql.org/October2021/#sec-Required-Arguments"
  }
}
