[
  {
    "Message": "The argument `stringArg` is required.",
    "Code": null,
    "Path": {
      "Parent": null,
      "Depth": 0,
      "Name": "arguments"
    },
    "Locations": [
      {
        "Line": 4,
        "Column": 47
      }
    ],
    "Extensions": {
      "type": "Arguments",
      "field": "nonNullStringArgField",
      "argument": "stringArg",
      "specifiedBy": "http://spec.graphql.org/June2018/#sec-Required-Arguments"
    },
    "Exception": null
  }
]
