[
  {
    "Message": "The specified argument value does not match the argument type.",
    "Code": null,
    "Path": [
      "arguments",
      "enumArgField"
    ],
    "Locations": [
      {
        "Line": 4,
        "Column": 47
      }
    ],
    "Exception": null,
    "Extensions": {
      "argument": "enumArg",
      "argumentValue": "sit",
      "locationType": "DogCommand",
      "specifiedBy": "http://spec.graphql.org/June2018/#sec-Values-of-Correct-Type"
    }
  }
]
