[
  {
    "Message": "The specified argument value does not match the argument type.",
    "Code": null,
    "Path": {
      "Parent": null,
      "Name": "booleanList",
      "Index": null,
      "Depth": 0
    },
    "Locations": [
      {
        "Line": 4,
        "Column": 49
      }
    ],
    "Extensions": {
      "locationType": "[Boolean!]",
      "argument": "booleanListArg",
      "specifiedBy": "http://spec.graphql.org/June2018/#sec-Values-of-Correct-Type",
      "argumentValue": "[ true, \"false\" ]"
    },
    "Exception": null
  }
]
