[
  {
    "Message": "The specified input object field `requiredField` does not exist.",
    "Code": null,
    "Path": null,
    "Locations": [
      {
        "Line": 5,
        "Column": 42
      }
    ],
    "Extensions": {
      "field": "requiredField",
      "specifiedBy": "http://spec.graphql.org/June2018/#sec-Input-Object-Field-Names"
    },
    "Exception": null,
    "SyntaxNode": {
      "Kind": "ObjectField",
      "Location": {
        "Start": 160,
        "End": 189,
        "Line": 5,
        "Column": 42
      },
      "Name": {
        "Kind": "Name",
        "Location": {
          "Start": 160,
          "End": 174,
          "Line": 5,
          "Column": 42
        },
        "Value": "requiredField"
      },
      "Value": {
        "Kind": "NullValue",
        "Location": {
          "Start": 175,
          "End": 189,
          "Line": 5,
          "Column": 57
        },
        "Value": null
      }
    }
  },
  {
    "Message": "The specified input object field `intField` does not exist.",
    "Code": null,
    "Path": null,
    "Locations": [
      {
        "Line": 5,
        "Column": 63
      }
    ],
    "Extensions": {
      "field": "intField",
      "specifiedBy": "http://spec.graphql.org/June2018/#sec-Input-Object-Field-Names"
    },
    "Exception": null,
    "SyntaxNode": {
      "Kind": "ObjectField",
      "Location": {
        "Start": 181,
        "End": 197,
        "Line": 5,
        "Column": 63
      },
      "Name": {
        "Kind": "Name",
        "Location": {
          "Start": 181,
          "End": 190,
          "Line": 5,
          "Column": 63
        },
        "Value": "intField"
      },
      "Value": {
        "Kind": "NullValue",
        "Location": {
          "Start": 191,
          "End": 197,
          "Line": 5,
          "Column": 73
        },
        "Value": null
      }
    }
  }
]
