[
  {
    "Message": "The specified argument value does not match the argument type.",
    "Code": null,
    "Path": [
      "arguments",
      "stringArgField"
    ],
    "Locations": [
      {
        "Line": 4,
        "Column": 51
      }
    ],
    "Exception": null,
    "Extensions": {
      "argument": "stringArg",
      "argumentValue": {
        "Kind": "FloatValue",
        "Location": {
          "Start": 104,
          "End": 108,
          "Line": 4,
          "Column": 51
        },
        "Format": "FixedPoint",
        "Value": "1.0"
      },
      "locationType": "String",
      "specifiedBy": "http://spec.graphql.org/June2018/#sec-Values-of-Correct-Type"
    }
  }
]
