12and13
---------------
{
  "data": {
    "root": [
      {
        "barShort": "Rm9vU2hvcnQ6MTI="
      },
      {
        "barShort": "Rm9vU2hvcnQ6MTM="
      }
    ]
  }
}
---------------

13and14
---------------
{
  "data": {
    "root": [
      {
        "barShort": "Rm9vU2hvcnQ6MTQ="
      },
      {
        "barShort": "Rm9vU2hvcnQ6MTM="
      }
    ]
  }
}
---------------

nullAnd14
---------------
{
  "errors": [
    {
      "message": "The provided value for filter `in` of type IdOperationFilterInput is invalid. Null values are not supported.",
      "locations": [
        {
          "line": 1,
          "column": 33
        }
      ],
      "path": [
        "root"
      ],
      "extensions": {
        "code": "HC0026",
        "expectedType": "[ID!]",
        "filterType": "IdOperationFilterInput"
      }
    }
  ],
  "data": {
    "root": null
  }
}
---------------
