{
  "errors": [
    {
      "message": "Unknown type `LineString`.",
      "locations": [
        {
          "line": 1,
          "column": 10
        }
      ],
      "path": [
        "test"
      ],
      "extensions": {
        "typeCondition": "LineString",
        "specifiedBy": "https://spec.graphql.org/October2021/#sec-Fragment-Spread-Type-Existence"
      }
    }
  ]
}
