{
  "data": {
    "test": {
      "type": "Polygon",
      "coordinates": [
        [
          [
            30,
            10
          ],
          [
            40,
            40
          ],
          [
            20,
            40
          ],
          [
            10,
            20
          ],
          [
            30,
            10
          ]
        ]
      ],
      "bbox": [
        10,
        10,
        40,
        40
      ],
      "crs": 4326
    }
  }
}
