{
  "errors": [
    {
      "message": "The default coordinate reference system \u006026918\u0060 was not found.\n      Register it on the schema with \u0060.AddSpatialTypes(x =\u003E x.DefaultSRID(26918).AddAddCoordinateSystemFromString(26918, \u0022...\u0022))\u0060",
      "extensions": {
        "code": "HC0029"
      }
    }
  ]
}
