{
  "Label": null,
  "Path": null,
  "Data": {
    "items": [
      {
        "model": {
          "bazNullable": 2
        }
      },
      {
        "model": {
          "bazNullable": 1
        }
      },
      {
        "model": {
          "bazNullable": null
        }
      }
    ]
  },
  "Errors": null,
  "Extensions": null,
  "ContextData": null,
  "HasNext": null
}
