false Result:
---------------
{
  "data": {
    "root": []
  }
}
---------------

false SQL:
---------------
select d.id, d.data from public.mt_doc_queryablefiltervisitorlisttests_foo as d where d.data @? '$ ? (@.FooNested == null || @.FooNested.size() == 0)';
---------------

true Result:
---------------
{
  "data": {
    "root": [
      {
        "fooNested": [
          {
            "bar": "a"
          },
          {
            "bar": "a"
          },
          {
            "bar": "a"
          }
        ]
      },
      {
        "fooNested": [
          {
            "bar": "c"
          },
          {
            "bar": "a"
          },
          {
            "bar": "a"
          }
        ]
      },
      {
        "fooNested": [
          {
            "bar": "a"
          },
          {
            "bar": "d"
          },
          {
            "bar": "b"
          }
        ]
      },
      {
        "fooNested": [
          {
            "bar": "c"
          },
          {
            "bar": "d"
          },
          {
            "bar": "b"
          }
        ]
      },
      {
        "fooNested": [
          {
            "bar": null
          },
          {
            "bar": "d"
          },
          {
            "bar": "b"
          }
        ]
      }
    ]
  }
}
---------------

true SQL:
---------------
select d.id, d.data from public.mt_doc_queryablefiltervisitorlisttests_foo as d where d.data @? '$ ? (@.FooNested[*] != null && @.FooNested[*].size() > 0)';
---------------
