BarAndFoo Result:
---------------
{
  "data": {
    "root": [
      {
        "barEnum": "BAR"
      },
      {
        "barEnum": "FOO"
      }
    ]
  }
}
---------------

BarAndFoo SQL:
---------------
select d.id, d.data from public.mt_doc_queryablefiltervisitorenumtests_foo as d where (CAST(d.data ->> 'BarEnum' as integer) = ANY(:p0) AND CAST(d.data ->> 'BarEnum' as integer) is not null);
---------------

FOO Result:
---------------
{
  "data": {
    "root": [
      {
        "barEnum": "FOO"
      }
    ]
  }
}
---------------

FOO SQL:
---------------
select d.id, d.data from public.mt_doc_queryablefiltervisitorenumtests_foo as d where (CAST(d.data ->> 'BarEnum' as integer) = ANY(:p0) AND CAST(d.data ->> 'BarEnum' as integer) is not null);
---------------

nullAndFoo Result:
---------------
{
  "errors": [
    {
      "message": "The specified value type of field `in` does not match the field type.",
      "locations": [
        {
          "line": 1,
          "column": 32
        }
      ],
      "path": [
        "root"
      ],
      "extensions": {
        "fieldName": "in",
        "fieldType": "[FooEnum!]",
        "locationType": "[FooEnum!]",
        "specifiedBy": "https://spec.graphql.org/October2021/#sec-Values-of-Correct-Type"
      }
    }
  ]
}
---------------
