{
  "errors": [
    {
      "message": "Cannot return null for non-nullable field.",
      "locations": [
        {
          "line": 2,
          "column": 5
        }
      ],
      "path": [
        "a"
      ],
      "extensions": {
        "code": "HC0018"
      }
    },
    {
      "message": "Internal Execution Error"
    }
  ],
  "data": null
}