{
  "Topics": [
    "in-memory-topology-convention-tests.stock-check-started",
    "mocha.transport.in-memory.tests.in-memory-topology-convention-tests.stock-check-started"
  ],
  "Queues": [
    "mocha.transport.in-memory.tests.order-stock-check-saga",
    "mocha.transport.in-memory.tests.order-stock-check-saga_reply"
  ],
  "Bindings": [
    {
      "Source": "in-memory-topology-convention-tests.stock-check-started",
      "Destination": "mocha.transport.in-memory.tests.order-stock-check-saga",
      "Kind": "Queue"
    },
    {
      "Source": "mocha.transport.in-memory.tests.in-memory-topology-convention-tests.stock-check-started",
      "Destination": "in-memory-topology-convention-tests.stock-check-started",
      "Kind": "Topic"
    }
  ]
}
