Result:
---------------
{
  "data": {
    "root": {
      "edges": [
        {
          "node": {
            "baz": "a"
          }
        },
        {
          "node": {
            "baz": "b"
          }
        }
      ]
    }
  }
}
---------------

SQL:
---------------
SELECT "d"."Baz"
FROM "Data" AS "d"
---------------
