Result:
---------------
{
  "data": {
    "root": [
      {
        "isProjectedFalse": null
      },
      {
        "isProjectedFalse": null
      }
    ]
  }
}{
  "data": {
    "root": [
      {
        "isProjectedFalse": null
      },
      {
        "isProjectedFalse": null
      }
    ]
  }
}
---------------

SQL:
---------------
SELECT 1
FROM "Data" AS "d"SELECT 1
FROM "Data" AS "d"
---------------
