schema {
  query: Query
}

type Query {
  foo: String
}

input BarInput {
  text: String
}

input FooIgnoredInput {
  baz: BarInput
}

directive @tag(name: String!) repeatable on SCHEMA | SCALAR | OBJECT | FIELD_DEFINITION | ARGUMENT_DEFINITION | INTERFACE | UNION | ENUM | ENUM_VALUE | INPUT_OBJECT | INPUT_FIELD_DEFINITION
