{
  "data": {
    "bookById": {
      "id": 1,
      "title": "C# in Depth"
    }
  },
  "extensions": {
    "fusion": {
      "operationPlan": {
        "operation": {
          "document": "{\n  bookById(id: 1) {\n    id\n    title\n  }\n}",
          "hash": "da31ef9bfb0a7c42de9b1578b454d0af"
        },
        "nodes": [
          {
            "id": 1,
            "type": "Operation",
            "schema": "A",
            "operation": "query Op_da31ef9b_1 {\n  bookById(id: 1) {\n    id\n    title\n  }\n}"
          }
        ]
      }
    }
  }
}
