{
  "data": {
    "viewer": {
      "schema1": "schema1",
      "schema2": "schema2"
    }
  },
  "extensions": {
    "fusion": {
      "operationPlan": {
        "id": "9ef2bc83c1a67011b22e7146ad2395992bbbef70cbcee2703e354984ed013f77",
        "operation": {
          "kind": "Query",
          "document": "{\n  viewer {\n    schema1\n    schema2\n  }\n}",
          "id": "c6e3b3570561284c71c82b7c60272002",
          "hash": "c6e3b3570561284c71c82b7c60272002",
          "shortHash": "c6e3b357"
        },
        "searchSpace": 2,
        "nodes": [
          {
            "id": 1,
            "type": "Operation",
            "schema": "A",
            "operation": {
              "name": "Op_c6e3b357_1",
              "kind": "Query",
              "document": "query Op_c6e3b357_1 {\n  viewer {\n    schema1\n  }\n}",
              "hash": "4fe24421246107786f1fd6b1d0f32da1fc4ef2818835fe5778bd80a88144b8d7",
              "shortHash": "4fe24421"
            },
            "responseNames": [
              "viewer"
            ]
          },
          {
            "id": 2,
            "type": "Operation",
            "schema": "B",
            "operation": {
              "name": "Op_c6e3b357_2",
              "kind": "Query",
              "document": "query Op_c6e3b357_2 {\n  viewer {\n    schema2\n  }\n}",
              "hash": "162dd2b721a17aebc8291d1aeb1f90d0d9cfc8026f4b6b57fb47d6263471aa54",
              "shortHash": "162dd2b7"
            },
            "responseNames": [
              "viewer"
            ]
          }
        ]
      }
    }
  }
}
