{
  "ContentType": "application/graphql-response+json; charset=utf-8",
  "StatusCode": "BadRequest",
  "Data": null,
  "Errors": [
    {
      "message": "Variable `ep` is required.",
      "locations": [
        {
          "line": 1,
          "column": 77
        }
      ],
      "extensions": {
        "code": "HC0018",
        "variable": "ep"
      }
    }
  ],
  "Extensions": null
}
