[
  "id",
  "id",
  "id",
  "frag",
  "foo",
  "if",
  "include",
  "first",
  "foo",
  "after",
  "field1",
  "alias",
  "field2",
  "defer",
  "User",
  "id",
  "foo",
  "unless",
  "skip",
  "id",
  "id",
  "node",
  "whoever123is",
  "ComplexType",
  "foo",
  "Site",
  "site",
  "queryName",
  "id",
  "story",
  "defer",
  "story",
  "like",
  "likeStory",
  "count",
  "likers",
  "text",
  "likeSentence",
  "story",
  "input",
  "input",
  "storyLikeSubscribe",
  "StoryLikeSubscribeInput",
  "input",
  "StoryLikeSubscription",
  "size",
  "size",
  "b",
  "bar",
  "key",
  "block",
  "obj",
  "foo",
  "Friend",
  "frag",
  "truthy",
  "falsey",
  "nullish",
  "unnamed",
  "query"
]
