[
  {
    "Message": "Variable `abc` got an invalid value.",
    "Code": "HC0016",
    "Path": null,
    "Locations": null,
    "Extensions": {
      "code": "HC0016",
      "variable": "abc",
      "underlyingError": "String cannot parse the given literal of type `IntValueNode`."
    },
    "Exception": null,
    "SyntaxNode": null
  }
]
