schema {
  query: QueryDateTime1
}

type Foo {
  time(time: TimeSpan!): TimeSpan!
  date(date: Date!): DateTime!
}

type QueryDateTime1 {
  foo: Foo
}

"The `@specifiedBy` directive is used within the type system definition language to provide a URL for specifying the behavior of custom scalar definitions."
directive @specifiedBy("The specifiedBy URL points to a human-readable specification. This field will only read a result for scalar types." url: String!) on SCALAR

"The @tag directive is used to apply arbitrary string\nmetadata to a schema location. Custom tooling can use\nthis metadata during any step of the schema delivery flow,\nincluding composition, static analysis, and documentation.\n            \n\ninterface Book {\n  id: ID! @tag(name: \"your-value\")\n  title: String!\n  author: String!\n}"
directive @tag("The name of the tag." name: String!) repeatable on SCHEMA | SCALAR | OBJECT | FIELD_DEFINITION | ARGUMENT_DEFINITION | INTERFACE | UNION | ENUM | ENUM_VALUE | INPUT_OBJECT | INPUT_FIELD_DEFINITION

"The `Date` scalar represents an ISO-8601 compliant date type."
scalar Date

"The `DateTime` scalar represents an ISO-8601 compliant date time type."
scalar DateTime @specifiedBy(url: "https:\/\/www.graphql-scalars.com\/date-time")

"The `TimeSpan` scalar represents an ISO-8601 compliant duration type."
scalar TimeSpan
