ASC Result:
---------------
{
  "data": {
    "root": [
      {
        "bar": 12
      },
      {
        "bar": 13
      },
      {
        "bar": 14
      }
    ]
  }
}
---------------

ASC Query:
---------------
MATCH (fooComp:FooComp) RETURN fooComp ORDER BY fooComp.Bar ASC
---------------

DESC Result:
---------------
{
  "data": {
    "root": [
      {
        "bar": 14
      },
      {
        "bar": 13
      },
      {
        "bar": 12
      }
    ]
  }
}
---------------

DESC Query:
---------------
MATCH (fooComp:FooComp) RETURN fooComp ORDER BY fooComp.Bar DESC
---------------
