ASC Result:
---------------
{
  "data": {
    "root": [
      {
        "foo": null
      },
      {
        "foo": {
          "barString": "testatest"
        }
      },
      {
        "foo": {
          "barString": "testatest"
        }
      },
      {
        "foo": {
          "barString": "testbtest"
        }
      },
      {
        "foo": {
          "barString": "testbtest"
        }
      },
      {
        "foo": {
          "barString": "testctest"
        }
      },
      {
        "foo": {
          "barString": "testctest"
        }
      },
      {
        "foo": {
          "barString": "testdtest"
        }
      }
    ]
  }
}
---------------

ASC SQL:
---------------
SELECT "d"."Id", "d"."FooId"
FROM "Data" AS "d"
LEFT JOIN "FooNullable" AS "f" ON "d"."FooId" = "f"."Id"
ORDER BY "f"."BarString"
---------------

13 Result:
---------------
{
  "data": {
    "root": [
      {
        "foo": {
          "barString": "testdtest"
        }
      },
      {
        "foo": {
          "barString": "testctest"
        }
      },
      {
        "foo": {
          "barString": "testctest"
        }
      },
      {
        "foo": {
          "barString": "testbtest"
        }
      },
      {
        "foo": {
          "barString": "testbtest"
        }
      },
      {
        "foo": {
          "barString": "testatest"
        }
      },
      {
        "foo": {
          "barString": "testatest"
        }
      },
      {
        "foo": null
      }
    ]
  }
}
---------------

13 SQL:
---------------
SELECT "d"."Id", "d"."FooId"
FROM "Data" AS "d"
LEFT JOIN "FooNullable" AS "f" ON "d"."FooId" = "f"."Id"
ORDER BY "f"."BarString" DESC
---------------
