{
  "errors": [
    {
      "message": "The field \u0060nodes\u0060 does not exist on the type \u0060RootCollectionSegment\u0060.",
      "locations": [
        {
          "line": 4,
          "column": 33
        }
      ],
      "path": [
        "root"
      ],
      "extensions": {
        "type": "RootCollectionSegment",
        "field": "nodes",
        "responseName": "nodes",
        "specifiedBy": "http://spec.graphql.org/October2021/#sec-Field-Selections-on-Objects-Interfaces-and-Unions-Types"
      }
    }
  ]
}