Result:
---------------
{
  "data": {
    "root": [
      {
        "foo": {
          "barString": "testatest",
          "objectArray": [
            {
              "foo": {
                "barString": "a",
                "barShort": 1
              }
            },
            {
              "foo": {
                "barString": "a",
                "barShort": 3
              }
            },
            {
              "foo": {
                "barString": "a",
                "barShort": 12
              }
            }
          ]
        }
      },
      {
        "foo": {
          "barString": "testbtest",
          "objectArray": [
            {
              "foo": {
                "barString": "a",
                "barShort": 1
              }
            },
            {
              "foo": {
                "barString": "a",
                "barShort": 3
              }
            },
            {
              "foo": {
                "barString": "a",
                "barShort": 12
              }
            }
          ]
        }
      }
    ]
  }
}
---------------

SQL:
---------------
from 'Bars' as _s1 select { Foo : { BarString : _s1.Foo.BarString, ObjectArray : _s1.Foo.ObjectArray.sort((a, b) => a.Foo.BarShort - b.Foo.BarShort).map(p2=>({Foo:{BarString:p2.Foo.BarString,BarShort:p2.Foo.BarShort}})) } }
---------------
