{
  "Data": {
    "error5": null
  },
  "Extensions": {},
  "Errors": [
    {
      "Message": "Unexpected Execution Error",
      "Code": null,
      "Path": [
        "error5"
      ],
      "Locations": [
        {
          "line": 1,
          "column": 3
        }
      ],
      "Exception": null,
      "Extensions": {}
    }
  ]
}
