/* Foo.bar */
public static FieldResolverDelegate abc  = async ctx => {
var ct = ctx.RequestAborted;
var b = ctx.Schema;
var resolver = ctx.Resolver<HotChocolate.Resolvers.GeneratorTestDummyResolver>();
var resolverTask = resolver.GetFooAsync(b);
if(resolverTask == null) {
return null;
}
else
{
return await resolverTask.ConfigureAwait(false);
}

};
