schema {
  query: Query
}

type Query {
  foo(test: FooFilterTypeFilter): String
}

input BooleanOperationInputFilter {
  eq: Boolean
  neq: Boolean
}

input FooFilterTypeFilter {
  and: [FooFilterTypeFilter!]
  or: [FooFilterTypeFilter!]
  string: ListFilterInputOfStringOperationInputFilter
}

input ListFilterInputOfStringOperationInputFilter {
  all: StringOperationInputFilter
  any: BooleanOperationInputFilter
  none: StringOperationInputFilter
  some: StringOperationInputFilter
}

input StringOperationInputFilter {
  and: [StringOperationInputFilter!]
  contains: String
  endsWith: String
  eq: String
  in: [String]
  ncontains: String
  nendsWith: String
  neq: String
  nin: [String]
  nstartsWith: String
  or: [StringOperationInputFilter!]
  startsWith: String
}

"The `Boolean` scalar type represents `true` or `false`."
scalar Boolean

"The `String` scalar type represents textual data, represented as UTF-8 character sequences. The String type is most often used by GraphQL to represent free-form human-readable text."
scalar String
