{
  "message": "The field \u0060abc\u0060 must only declare additional arguments to an implemented field that are nullable.",
  "type": "Foo",
  "extensions": {
    "argument": "b",
    "field": "abc",
    "implementedField": "abc",
    "specifiedBy": "http://spec.graphql.org/June2018/#sec-Objects.Type-Validation"
  }
}

