[
  {
    "Kind": "LeftBrace",
    "Start": 0,
    "End": 1,
    "Line": 1,
    "Column": 1,
    "Value": "{"
  },
  {
    "Kind": "Name",
    "Start": 2,
    "End": 4,
    "Line": 1,
    "Column": 3,
    "Value": "me"
  },
  {
    "Kind": "LeftParenthesis",
    "Start": 4,
    "End": 5,
    "Line": 1,
    "Column": 5,
    "Value": "("
  },
  {
    "Kind": "Name",
    "Start": 5,
    "End": 6,
    "Line": 1,
    "Column": 6,
    "Value": "a"
  },
  {
    "Kind": "Colon",
    "Start": 6,
    "End": 7,
    "Line": 1,
    "Column": 7,
    "Value": ":"
  },
  {
    "Kind": "String",
    "Start": 8,
    "End": 19,
    "Line": 1,
    "Column": 9,
    "Value": "\"Abc¢def\\n"
  },
  {
    "Kind": "RightParenthesis",
    "Start": 20,
    "End": 21,
    "Line": 1,
    "Column": 21,
    "Value": ")"
  },
  {
    "Kind": "RightBrace",
    "Start": 22,
    "End": 23,
    "Line": 1,
    "Column": 23,
    "Value": "}"
  }
]
