{
  "Kind": "Document",
  "Location": {
    "Start": 0,
    "End": 2388,
    "Line": 1,
    "Column": 1
  },
  "Definitions": [
    {
      "Kind": "SchemaDefinition",
      "Description": null,
      "Location": {
        "Start": 172,
        "End": 275,
        "Line": 6,
        "Column": 1
      },
      "Directives": [],
      "OperationTypes": [
        {
          "Kind": "OperationTypeDefinition",
          "Location": {
            "Start": 183,
            "End": 210,
            "Line": 7,
            "Column": 3
          },
          "Operation": "Query",
          "Type": {
            "Kind": "NamedType",
            "Location": {
              "Start": 190,
              "End": 210,
              "Line": 7,
              "Column": 10
            },
            "Name": {
              "Kind": "Name",
              "Location": {
                "Start": 190,
                "End": 210,
                "Line": 7,
                "Column": 10
              },
              "Value": "QueryType"
            }
          }
        },
        {
          "Kind": "OperationTypeDefinition",
          "Location": {
            "Start": 202,
            "End": 226,
            "Line": 8,
            "Column": 3
          },
          "Operation": "Mutation",
          "Type": {
            "Kind": "NamedType",
            "Location": {
              "Start": 212,
              "End": 226,
              "Line": 8,
              "Column": 13
            },
            "Name": {
              "Kind": "Name",
              "Location": {
                "Start": 212,
                "End": 226,
                "Line": 8,
                "Column": 13
              },
              "Value": "MutationType"
            }
          }
        }
      ]
    },
    {
      "Kind": "ObjectTypeDefinition",
      "Description": {
        "Kind": "StringValue",
        "Location": {
          "Start": 228,
          "End": 281,
          "Line": 11,
          "Column": 1
        },
        "Value": "This is a description\nof the `Foo` type.",
        "Block": true
      },
      "Interfaces": [
        {
          "Kind": "NamedType",
          "Location": {
            "Start": 297,
            "End": 302,
            "Line": 15,
            "Column": 21
          },
          "Name": {
            "Kind": "Name",
            "Location": {
              "Start": 297,
              "End": 302,
              "Line": 15,
              "Column": 21
            },
            "Value": "Bar"
          }
        },
        {
          "Kind": "NamedType",
          "Location": {
            "Start": 303,
            "End": 308,
            "Line": 15,
            "Column": 27
          },
          "Name": {
            "Kind": "Name",
            "Location": {
              "Start": 303,
              "End": 308,
              "Line": 15,
              "Column": 27
            },
            "Value": "Baz"
          }
        }
      ],
      "Fields": [
        {
          "Kind": "FieldDefinition",
          "Description": null,
          "Arguments": [],
          "Type": {
            "Kind": "NamedType",
            "Location": {
              "Start": 316,
              "End": 375,
              "Line": 16,
              "Column": 8
            },
            "Name": {
              "Kind": "Name",
              "Location": {
                "Start": 316,
                "End": 375,
                "Line": 16,
                "Column": 8
              },
              "Value": "Type"
            }
          },
          "Location": {
            "Start": 311,
            "End": 375,
            "Line": 16,
            "Column": 3
          },
          "Name": {
            "Kind": "Name",
            "Location": {
              "Start": 311,
              "End": 315,
              "Line": 16,
              "Column": 3
            },
            "Value": "one"
          },
          "Directives": []
        },
        {
          "Kind": "FieldDefinition",
          "Description": {
            "Kind": "StringValue",
            "Location": {
              "Start": 323,
              "End": 382,
              "Line": 17,
              "Column": 3
            },
            "Value": "This is a description of the `two` field.",
            "Block": true
          },
          "Arguments": [
            {
              "Kind": "InputValueDefinition",
              "Description": {
                "Kind": "StringValue",
                "Location": {
                  "Start": 388,
                  "End": 466,
                  "Line": 21,
                  "Column": 5
                },
                "Value": "This is a description of the `argument` argument.",
                "Block": true
              },
              "Type": {
                "Kind": "NonNullType",
                "Location": {
                  "Start": 477,
                  "End": 482,
                  "Line": 24,
                  "Column": 24
                },
                "Type": {
                  "Kind": "NamedType",
                  "Location": {
                    "Start": 468,
                    "End": 478,
                    "Line": 24,
                    "Column": 15
                  },
                  "Name": {
                    "Kind": "Name",
                    "Location": {
                      "Start": 468,
                      "End": 478,
                      "Line": 24,
                      "Column": 15
                    },
                    "Value": "InputType"
                  }
                }
              },
              "DefaultValue": null,
              "Location": {
                "Start": 388,
                "End": 482,
                "Line": 21,
                "Column": 5
              },
              "Name": {
                "Kind": "Name",
                "Location": {
                  "Start": 458,
                  "End": 467,
                  "Line": 24,
                  "Column": 5
                },
                "Value": "argument"
              },
              "Directives": []
            }
          ],
          "Type": {
            "Kind": "NamedType",
            "Location": {
              "Start": 484,
              "End": 496,
              "Line": 25,
              "Column": 6
            },
            "Name": {
              "Kind": "Name",
              "Location": {
                "Start": 484,
                "End": 496,
                "Line": 25,
                "Column": 6
              },
              "Value": "Type"
            }
          },
          "Location": {
            "Start": 323,
            "End": 496,
            "Line": 17,
            "Column": 3
          },
          "Name": {
            "Kind": "Name",
            "Location": {
              "Start": 379,
              "End": 383,
              "Line": 20,
              "Column": 3
            },
            "Value": "two"
          },
          "Directives": []
        },
        {
          "Kind": "FieldDefinition",
          "Description": null,
          "Arguments": [
            {
              "Kind": "InputValueDefinition",
              "Description": null,
              "Type": {
                "Kind": "NamedType",
                "Location": {
                  "Start": 507,
                  "End": 523,
                  "Line": 26,
                  "Column": 19
                },
                "Name": {
                  "Kind": "Name",
                  "Location": {
                    "Start": 507,
                    "End": 523,
                    "Line": 26,
                    "Column": 19
                  },
                  "Value": "InputType"
                }
              },
              "DefaultValue": null,
              "Location": {
                "Start": 497,
                "End": 523,
                "Line": 26,
                "Column": 9
              },
              "Name": {
                "Kind": "Name",
                "Location": {
                  "Start": 497,
                  "End": 506,
                  "Line": 26,
                  "Column": 9
                },
                "Value": "argument"
              },
              "Directives": []
            },
            {
              "Kind": "InputValueDefinition",
              "Description": null,
              "Type": {
                "Kind": "NamedType",
                "Location": {
                  "Start": 525,
                  "End": 532,
                  "Line": 26,
                  "Column": 37
                },
                "Name": {
                  "Kind": "Name",
                  "Location": {
                    "Start": 525,
                    "End": 532,
                    "Line": 26,
                    "Column": 37
                  },
                  "Value": "String"
                }
              },
              "DefaultValue": null,
              "Location": {
                "Start": 518,
                "End": 532,
                "Line": 26,
                "Column": 30
              },
              "Name": {
                "Kind": "Name",
                "Location": {
                  "Start": 518,
                  "End": 524,
                  "Line": 26,
                  "Column": 30
                },
                "Value": "other"
              },
              "Directives": []
            }
          ],
          "Type": {
            "Kind": "NamedType",
            "Location": {
              "Start": 534,
              "End": 544,
              "Line": 26,
              "Column": 46
            },
            "Name": {
              "Kind": "Name",
              "Location": {
                "Start": 534,
                "End": 544,
                "Line": 26,
                "Column": 46
              },
              "Value": "Int"
            }
          },
          "Location": {
            "Start": 491,
            "End": 544,
            "Line": 26,
            "Column": 3
          },
          "Name": {
            "Kind": "Name",
            "Location": {
              "Start": 491,
              "End": 497,
              "Line": 26,
              "Column": 3
            },
            "Value": "three"
          },
          "Directives": []
        },
        {
          "Kind": "FieldDefinition",
          "Description": null,
          "Arguments": [
            {
              "Kind": "InputValueDefinition",
              "Description": null,
              "Type": {
                "Kind": "NamedType",
                "Location": {
                  "Start": 555,
                  "End": 563,
                  "Line": 27,
                  "Column": 18
                },
                "Name": {
                  "Kind": "Name",
                  "Location": {
                    "Start": 555,
                    "End": 563,
                    "Line": 27,
                    "Column": 18
                  },
                  "Value": "String"
                }
              },
              "DefaultValue": {
                "Kind": "StringValue",
                "Location": {
                  "Start": 564,
                  "End": 573,
                  "Line": 27,
                  "Column": 27
                },
                "Value": "string",
                "Block": false
              },
              "Location": {
                "Start": 545,
                "End": 573,
                "Line": 27,
                "Column": 8
              },
              "Name": {
                "Kind": "Name",
                "Location": {
                  "Start": 545,
                  "End": 554,
                  "Line": 27,
                  "Column": 8
                },
                "Value": "argument"
              },
              "Directives": []
            }
          ],
          "Type": {
            "Kind": "NamedType",
            "Location": {
              "Start": 575,
              "End": 588,
              "Line": 27,
              "Column": 38
            },
            "Name": {
              "Kind": "Name",
              "Location": {
                "Start": 575,
                "End": 588,
                "Line": 27,
                "Column": 38
              },
              "Value": "String"
            }
          },
          "Location": {
            "Start": 540,
            "End": 588,
            "Line": 27,
            "Column": 3
          },
          "Name": {
            "Kind": "Name",
            "Location": {
              "Start": 540,
              "End": 545,
              "Line": 27,
              "Column": 3
            },
            "Value": "four"
          },
          "Directives": []
        },
        {
          "Kind": "FieldDefinition",
          "Description": null,
          "Arguments": [
            {
              "Kind": "InputValueDefinition",
              "Description": null,
              "Type": {
                "Kind": "ListType",
                "Location": {
                  "Start": 599,
                  "End": 609,
                  "Line": 28,
                  "Column": 18
                },
                "Type": {
                  "Kind": "NamedType",
                  "Location": {
                    "Start": 600,
                    "End": 607,
                    "Line": 28,
                    "Column": 19
                  },
                  "Name": {
                    "Kind": "Name",
                    "Location": {
                      "Start": 600,
                      "End": 607,
                      "Line": 28,
                      "Column": 19
                    },
                    "Value": "String"
                  }
                }
              },
              "DefaultValue": {
                "Kind": "ListValue",
                "Location": {
                  "Start": 610,
                  "End": 631,
                  "Line": 28,
                  "Column": 29
                },
                "Items": [
                  {
                    "Kind": "StringValue",
                    "Location": {
                      "Start": 611,
                      "End": 628,
                      "Line": 28,
                      "Column": 30
                    },
                    "Value": "string",
                    "Block": false
                  },
                  {
                    "Kind": "StringValue",
                    "Location": {
                      "Start": 621,
                      "End": 630,
                      "Line": 28,
                      "Column": 40
                    },
                    "Value": "string",
                    "Block": false
                  }
                ]
              },
              "Location": {
                "Start": 589,
                "End": 631,
                "Line": 28,
                "Column": 8
              },
              "Name": {
                "Kind": "Name",
                "Location": {
                  "Start": 589,
                  "End": 598,
                  "Line": 28,
                  "Column": 8
                },
                "Value": "argument"
              },
              "Directives": []
            }
          ],
          "Type": {
            "Kind": "NamedType",
            "Location": {
              "Start": 633,
              "End": 645,
              "Line": 28,
              "Column": 52
            },
            "Name": {
              "Kind": "Name",
              "Location": {
                "Start": 633,
                "End": 645,
                "Line": 28,
                "Column": 52
              },
              "Value": "String"
            }
          },
          "Location": {
            "Start": 584,
            "End": 645,
            "Line": 28,
            "Column": 3
          },
          "Name": {
            "Kind": "Name",
            "Location": {
              "Start": 584,
              "End": 589,
              "Line": 28,
              "Column": 3
            },
            "Value": "five"
          },
          "Directives": []
        },
        {
          "Kind": "FieldDefinition",
          "Description": null,
          "Arguments": [
            {
              "Kind": "InputValueDefinition",
              "Description": null,
              "Type": {
                "Kind": "NamedType",
                "Location": {
                  "Start": 656,
                  "End": 667,
                  "Line": 29,
                  "Column": 17
                },
                "Name": {
                  "Kind": "Name",
                  "Location": {
                    "Start": 656,
                    "End": 667,
                    "Line": 29,
                    "Column": 17
                  },
                  "Value": "InputType"
                }
              },
              "DefaultValue": {
                "Kind": "ObjectValue",
                "Location": {
                  "Start": 668,
                  "End": 683,
                  "Line": 29,
                  "Column": 29
                },
                "Fields": [
                  {
                    "Kind": "ObjectField",
                    "Location": {
                      "Start": 669,
                      "End": 682,
                      "Line": 29,
                      "Column": 30
                    },
                    "Name": {
                      "Kind": "Name",
                      "Location": {
                        "Start": 669,
                        "End": 673,
                        "Line": 29,
                        "Column": 30
                      },
                      "Value": "key"
                    },
                    "Value": {
                      "Kind": "StringValue",
                      "Location": {
                        "Start": 674,
                        "End": 682,
                        "Line": 29,
                        "Column": 35
                      },
                      "Value": "value",
                      "Block": false
                    }
                  }
                ]
              },
              "Location": {
                "Start": 646,
                "End": 683,
                "Line": 29,
                "Column": 7
              },
              "Name": {
                "Kind": "Name",
                "Location": {
                  "Start": 646,
                  "End": 655,
                  "Line": 29,
                  "Column": 7
                },
                "Value": "argument"
              },
              "Directives": []
            }
          ],
          "Type": {
            "Kind": "NamedType",
            "Location": {
              "Start": 685,
              "End": 697,
              "Line": 29,
              "Column": 46
            },
            "Name": {
              "Kind": "Name",
              "Location": {
                "Start": 685,
                "End": 697,
                "Line": 29,
                "Column": 46
              },
              "Value": "Type"
            }
          },
          "Location": {
            "Start": 642,
            "End": 697,
            "Line": 29,
            "Column": 3
          },
          "Name": {
            "Kind": "Name",
            "Location": {
              "Start": 642,
              "End": 646,
              "Line": 29,
              "Column": 3
            },
            "Value": "six"
          },
          "Directives": []
        },
        {
          "Kind": "FieldDefinition",
          "Description": null,
          "Arguments": [
            {
              "Kind": "InputValueDefinition",
              "Description": null,
              "Type": {
                "Kind": "NamedType",
                "Location": {
                  "Start": 708,
                  "End": 713,
                  "Line": 30,
                  "Column": 19
                },
                "Name": {
                  "Kind": "Name",
                  "Location": {
                    "Start": 708,
                    "End": 713,
                    "Line": 30,
                    "Column": 19
                  },
                  "Value": "Int"
                }
              },
              "DefaultValue": {
                "Kind": "NullValue",
                "Location": {
                  "Start": 714,
                  "End": 719,
                  "Line": 30,
                  "Column": 25
                },
                "Value": null
              },
              "Location": {
                "Start": 698,
                "End": 719,
                "Line": 30,
                "Column": 9
              },
              "Name": {
                "Kind": "Name",
                "Location": {
                  "Start": 698,
                  "End": 707,
                  "Line": 30,
                  "Column": 9
                },
                "Value": "argument"
              },
              "Directives": []
            }
          ],
          "Type": {
            "Kind": "NamedType",
            "Location": {
              "Start": 721,
              "End": 727,
              "Line": 30,
              "Column": 32
            },
            "Name": {
              "Kind": "Name",
              "Location": {
                "Start": 721,
                "End": 727,
                "Line": 30,
                "Column": 32
              },
              "Value": "Type"
            }
          },
          "Location": {
            "Start": 692,
            "End": 727,
            "Line": 30,
            "Column": 3
          },
          "Name": {
            "Kind": "Name",
            "Location": {
              "Start": 692,
              "End": 698,
              "Line": 30,
              "Column": 3
            },
            "Value": "seven"
          },
          "Directives": []
        }
      ],
      "Location": {
        "Start": 277,
        "End": 733,
        "Line": 15,
        "Column": 1
      },
      "Name": {
        "Kind": "Name",
        "Location": {
          "Start": 282,
          "End": 296,
          "Line": 15,
          "Column": 6
        },
        "Value": "Foo"
      },
      "Directives": []
    },
    {
      "Kind": "ObjectTypeDefinition",
      "Description": null,
      "Interfaces": [],
      "Fields": [
        {
          "Kind": "FieldDefinition",
          "Description": null,
          "Arguments": [
            {
              "Kind": "InputValueDefinition",
              "Description": null,
              "Type": {
                "Kind": "NamedType",
                "Location": {
                  "Start": 798,
                  "End": 804,
                  "Line": 34,
                  "Column": 23
                },
                "Name": {
                  "Kind": "Name",
                  "Location": {
                    "Start": 798,
                    "End": 804,
                    "Line": 34,
                    "Column": 23
                  },
                  "Value": "Type"
                }
              },
              "DefaultValue": {
                "Kind": "StringValue",
                "Location": {
                  "Start": 805,
                  "End": 816,
                  "Line": 34,
                  "Column": 30
                },
                "Value": "default",
                "Block": false
              },
              "Location": {
                "Start": 793,
                "End": 822,
                "Line": 34,
                "Column": 18
              },
              "Name": {
                "Kind": "Name",
                "Location": {
                  "Start": 793,
                  "End": 797,
                  "Line": 34,
                  "Column": 18
                },
                "Value": "arg"
              },
              "Directives": [
                {
                  "Kind": "Directive",
                  "Location": {
                    "Start": 815,
                    "End": 822,
                    "Line": 34,
                    "Column": 40
                  },
                  "Name": {
                    "Kind": "Name",
                    "Location": {
                      "Start": 816,
                      "End": 822,
                      "Line": 34,
                      "Column": 41
                    },
                    "Value": "onArg"
                  },
                  "Arguments": []
                }
              ]
            }
          ],
          "Type": {
            "Kind": "NamedType",
            "Location": {
              "Start": 824,
              "End": 830,
              "Line": 34,
              "Column": 49
            },
            "Name": {
              "Kind": "Name",
              "Location": {
                "Start": 824,
                "End": 830,
                "Line": 34,
                "Column": 49
              },
              "Value": "Type"
            }
          },
          "Location": {
            "Start": 778,
            "End": 839,
            "Line": 34,
            "Column": 3
          },
          "Name": {
            "Kind": "Name",
            "Location": {
              "Start": 778,
              "End": 793,
              "Line": 34,
              "Column": 3
            },
            "Value": "annotatedField"
          },
          "Directives": [
            {
              "Kind": "Directive",
              "Location": {
                "Start": 829,
                "End": 839,
                "Line": 34,
                "Column": 54
              },
              "Name": {
                "Kind": "Name",
                "Location": {
                  "Start": 830,
                  "End": 839,
                  "Line": 34,
                  "Column": 55
                },
                "Value": "onField"
              },
              "Arguments": []
            }
          ]
        }
      ],
      "Location": {
        "Start": 729,
        "End": 845,
        "Line": 33,
        "Column": 1
      },
      "Name": {
        "Kind": "Name",
        "Location": {
          "Start": 734,
          "End": 751,
          "Line": 33,
          "Column": 6
        },
        "Value": "AnnotatedObject"
      },
      "Directives": [
        {
          "Kind": "Directive",
          "Location": {
            "Start": 750,
            "End": 775,
            "Line": 33,
            "Column": 22
          },
          "Name": {
            "Kind": "Name",
            "Location": {
              "Start": 751,
              "End": 760,
              "Line": 33,
              "Column": 23
            },
            "Value": "onObject"
          },
          "Arguments": [
            {
              "Kind": "Argument",
              "Location": {
                "Start": 760,
                "End": 773,
                "Line": 33,
                "Column": 32
              },
              "Name": {
                "Kind": "Name",
                "Location": {
                  "Start": 760,
                  "End": 764,
                  "Line": 33,
                  "Column": 32
                },
                "Value": "arg"
              },
              "Value": {
                "Kind": "StringValue",
                "Location": {
                  "Start": 765,
                  "End": 773,
                  "Line": 33,
                  "Column": 37
                },
                "Value": "value",
                "Block": false
              }
            }
          ]
        }
      ]
    },
    {
      "Kind": "ObjectTypeDefinition",
      "Description": null,
      "Interfaces": [],
      "Fields": [],
      "Location": {
        "Start": 841,
        "End": 867,
        "Line": 37,
        "Column": 1
      },
      "Name": {
        "Kind": "Name",
        "Location": {
          "Start": 846,
          "End": 867,
          "Line": 37,
          "Column": 6
        },
        "Value": "UndefinedType"
      },
      "Directives": []
    },
    {
      "Kind": "ObjectTypeExtension",
      "Interfaces": [],
      "Fields": [
        {
          "Kind": "FieldDefinition",
          "Description": null,
          "Arguments": [
            {
              "Kind": "InputValueDefinition",
              "Description": null,
              "Type": {
                "Kind": "ListType",
                "Location": {
                  "Start": 897,
                  "End": 906,
                  "Line": 40,
                  "Column": 19
                },
                "Type": {
                  "Kind": "NamedType",
                  "Location": {
                    "Start": 898,
                    "End": 905,
                    "Line": 40,
                    "Column": 20
                  },
                  "Name": {
                    "Kind": "Name",
                    "Location": {
                      "Start": 898,
                      "End": 905,
                      "Line": 40,
                      "Column": 20
                    },
                    "Value": "String"
                  }
                }
              },
              "DefaultValue": null,
              "Location": {
                "Start": 887,
                "End": 906,
                "Line": 40,
                "Column": 9
              },
              "Name": {
                "Kind": "Name",
                "Location": {
                  "Start": 887,
                  "End": 896,
                  "Line": 40,
                  "Column": 9
                },
                "Value": "argument"
              },
              "Directives": []
            }
          ],
          "Type": {
            "Kind": "NamedType",
            "Location": {
              "Start": 908,
              "End": 914,
              "Line": 40,
              "Column": 30
            },
            "Name": {
              "Kind": "Name",
              "Location": {
                "Start": 908,
                "End": 914,
                "Line": 40,
                "Column": 30
              },
              "Value": "Type"
            }
          },
          "Location": {
            "Start": 881,
            "End": 914,
            "Line": 40,
            "Column": 3
          },
          "Name": {
            "Kind": "Name",
            "Location": {
              "Start": 881,
              "End": 887,
              "Line": 40,
              "Column": 3
            },
            "Value": "seven"
          },
          "Directives": []
        }
      ],
      "Location": {
        "Start": 861,
        "End": 922,
        "Line": 39,
        "Column": 1
      },
      "Name": {
        "Kind": "Name",
        "Location": {
          "Start": 873,
          "End": 878,
          "Line": 39,
          "Column": 13
        },
        "Value": "Foo"
      },
      "Directives": []
    },
    {
      "Kind": "ObjectTypeExtension",
      "Interfaces": [],
      "Fields": [],
      "Location": {
        "Start": 916,
        "End": 950,
        "Line": 43,
        "Column": 1
      },
      "Name": {
        "Kind": "Name",
        "Location": {
          "Start": 928,
          "End": 933,
          "Line": 43,
          "Column": 13
        },
        "Value": "Foo"
      },
      "Directives": [
        {
          "Kind": "Directive",
          "Location": {
            "Start": 932,
            "End": 950,
            "Line": 43,
            "Column": 17
          },
          "Name": {
            "Kind": "Name",
            "Location": {
              "Start": 933,
              "End": 950,
              "Line": 43,
              "Column": 18
            },
            "Value": "onType"
          },
          "Arguments": []
        }
      ]
    },
    {
      "Kind": "InterfaceTypeDefinition",
      "Description": null,
      "Fields": [
        {
          "Kind": "FieldDefinition",
          "Description": null,
          "Arguments": [],
          "Type": {
            "Kind": "NamedType",
            "Location": {
              "Start": 964,
              "End": 975,
              "Line": 46,
              "Column": 8
            },
            "Name": {
              "Kind": "Name",
              "Location": {
                "Start": 964,
                "End": 975,
                "Line": 46,
                "Column": 8
              },
              "Value": "Type"
            }
          },
          "Location": {
            "Start": 959,
            "End": 975,
            "Line": 46,
            "Column": 3
          },
          "Name": {
            "Kind": "Name",
            "Location": {
              "Start": 959,
              "End": 963,
              "Line": 46,
              "Column": 3
            },
            "Value": "one"
          },
          "Directives": []
        },
        {
          "Kind": "FieldDefinition",
          "Description": null,
          "Arguments": [
            {
              "Kind": "InputValueDefinition",
              "Description": null,
              "Type": {
                "Kind": "NamedType",
                "Location": {
                  "Start": 986,
                  "End": 994,
                  "Line": 47,
                  "Column": 18
                },
                "Name": {
                  "Kind": "Name",
                  "Location": {
                    "Start": 986,
                    "End": 994,
                    "Line": 47,
                    "Column": 18
                  },
                  "Value": "String"
                }
              },
              "DefaultValue": {
                "Kind": "StringValue",
                "Location": {
                  "Start": 995,
                  "End": 1004,
                  "Line": 47,
                  "Column": 27
                },
                "Value": "string",
                "Block": false
              },
              "Location": {
                "Start": 976,
                "End": 1004,
                "Line": 47,
                "Column": 8
              },
              "Name": {
                "Kind": "Name",
                "Location": {
                  "Start": 976,
                  "End": 985,
                  "Line": 47,
                  "Column": 8
                },
                "Value": "argument"
              },
              "Directives": []
            }
          ],
          "Type": {
            "Kind": "NamedType",
            "Location": {
              "Start": 1006,
              "End": 1014,
              "Line": 47,
              "Column": 38
            },
            "Name": {
              "Kind": "Name",
              "Location": {
                "Start": 1006,
                "End": 1014,
                "Line": 47,
                "Column": 38
              },
              "Value": "String"
            }
          },
          "Location": {
            "Start": 971,
            "End": 1014,
            "Line": 47,
            "Column": 3
          },
          "Name": {
            "Kind": "Name",
            "Location": {
              "Start": 971,
              "End": 976,
              "Line": 47,
              "Column": 3
            },
            "Value": "four"
          },
          "Directives": []
        }
      ],
      "Location": {
        "Start": 941,
        "End": 1025,
        "Line": 45,
        "Column": 1
      },
      "Name": {
        "Kind": "Name",
        "Location": {
          "Start": 951,
          "End": 956,
          "Line": 45,
          "Column": 11
        },
        "Value": "Bar"
      },
      "Directives": []
    },
    {
      "Kind": "InterfaceTypeDefinition",
      "Description": null,
      "Fields": [
        {
          "Kind": "FieldDefinition",
          "Description": null,
          "Arguments": [
            {
              "Kind": "InputValueDefinition",
              "Description": null,
              "Type": {
                "Kind": "NamedType",
                "Location": {
                  "Start": 1082,
                  "End": 1088,
                  "Line": 51,
                  "Column": 23
                },
                "Name": {
                  "Kind": "Name",
                  "Location": {
                    "Start": 1082,
                    "End": 1088,
                    "Line": 51,
                    "Column": 23
                  },
                  "Value": "Type"
                }
              },
              "DefaultValue": null,
              "Location": {
                "Start": 1077,
                "End": 1094,
                "Line": 51,
                "Column": 18
              },
              "Name": {
                "Kind": "Name",
                "Location": {
                  "Start": 1077,
                  "End": 1081,
                  "Line": 51,
                  "Column": 18
                },
                "Value": "arg"
              },
              "Directives": [
                {
                  "Kind": "Directive",
                  "Location": {
                    "Start": 1087,
                    "End": 1094,
                    "Line": 51,
                    "Column": 28
                  },
                  "Name": {
                    "Kind": "Name",
                    "Location": {
                      "Start": 1088,
                      "End": 1094,
                      "Line": 51,
                      "Column": 29
                    },
                    "Value": "onArg"
                  },
                  "Arguments": []
                }
              ]
            }
          ],
          "Type": {
            "Kind": "NamedType",
            "Location": {
              "Start": 1096,
              "End": 1102,
              "Line": 51,
              "Column": 37
            },
            "Name": {
              "Kind": "Name",
              "Location": {
                "Start": 1096,
                "End": 1102,
                "Line": 51,
                "Column": 37
              },
              "Value": "Type"
            }
          },
          "Location": {
            "Start": 1062,
            "End": 1111,
            "Line": 51,
            "Column": 3
          },
          "Name": {
            "Kind": "Name",
            "Location": {
              "Start": 1062,
              "End": 1077,
              "Line": 51,
              "Column": 3
            },
            "Value": "annotatedField"
          },
          "Directives": [
            {
              "Kind": "Directive",
              "Location": {
                "Start": 1101,
                "End": 1111,
                "Line": 51,
                "Column": 42
              },
              "Name": {
                "Kind": "Name",
                "Location": {
                  "Start": 1102,
                  "End": 1111,
                  "Line": 51,
                  "Column": 43
                },
                "Value": "onField"
              },
              "Arguments": []
            }
          ]
        }
      ],
      "Location": {
        "Start": 1016,
        "End": 1122,
        "Line": 50,
        "Column": 1
      },
      "Name": {
        "Kind": "Name",
        "Location": {
          "Start": 1026,
          "End": 1046,
          "Line": 50,
          "Column": 11
        },
        "Value": "AnnotatedInterface"
      },
      "Directives": [
        {
          "Kind": "Directive",
          "Location": {
            "Start": 1045,
            "End": 1059,
            "Line": 50,
            "Column": 30
          },
          "Name": {
            "Kind": "Name",
            "Location": {
              "Start": 1046,
              "End": 1059,
              "Line": 50,
              "Column": 31
            },
            "Value": "onInterface"
          },
          "Arguments": []
        }
      ]
    },
    {
      "Kind": "InterfaceTypeDefinition",
      "Description": null,
      "Fields": [],
      "Location": {
        "Start": 1113,
        "End": 1149,
        "Line": 54,
        "Column": 1
      },
      "Name": {
        "Kind": "Name",
        "Location": {
          "Start": 1123,
          "End": 1149,
          "Line": 54,
          "Column": 11
        },
        "Value": "UndefinedInterface"
      },
      "Directives": []
    },
    {
      "Kind": "InterfaceTypeExtension",
      "Fields": [
        {
          "Kind": "FieldDefinition",
          "Description": null,
          "Arguments": [
            {
              "Kind": "InputValueDefinition",
              "Description": null,
              "Type": {
                "Kind": "NonNullType",
                "Location": {
                  "Start": 1191,
                  "End": 1193,
                  "Line": 57,
                  "Column": 26
                },
                "Type": {
                  "Kind": "NamedType",
                  "Location": {
                    "Start": 1182,
                    "End": 1192,
                    "Line": 57,
                    "Column": 17
                  },
                  "Name": {
                    "Kind": "Name",
                    "Location": {
                      "Start": 1182,
                      "End": 1192,
                      "Line": 57,
                      "Column": 17
                    },
                    "Value": "InputType"
                  }
                }
              },
              "DefaultValue": null,
              "Location": {
                "Start": 1172,
                "End": 1193,
                "Line": 57,
                "Column": 7
              },
              "Name": {
                "Kind": "Name",
                "Location": {
                  "Start": 1172,
                  "End": 1181,
                  "Line": 57,
                  "Column": 7
                },
                "Value": "argument"
              },
              "Directives": []
            }
          ],
          "Type": {
            "Kind": "NamedType",
            "Location": {
              "Start": 1195,
              "End": 1201,
              "Line": 57,
              "Column": 30
            },
            "Name": {
              "Kind": "Name",
              "Location": {
                "Start": 1195,
                "End": 1201,
                "Line": 57,
                "Column": 30
              },
              "Value": "Type"
            }
          },
          "Location": {
            "Start": 1168,
            "End": 1201,
            "Line": 57,
            "Column": 3
          },
          "Name": {
            "Kind": "Name",
            "Location": {
              "Start": 1168,
              "End": 1172,
              "Line": 57,
              "Column": 3
            },
            "Value": "two"
          },
          "Directives": []
        }
      ],
      "Location": {
        "Start": 1143,
        "End": 1209,
        "Line": 56,
        "Column": 1
      },
      "Name": {
        "Kind": "Name",
        "Location": {
          "Start": 1160,
          "End": 1165,
          "Line": 56,
          "Column": 18
        },
        "Value": "Bar"
      },
      "Directives": []
    },
    {
      "Kind": "InterfaceTypeExtension",
      "Fields": [],
      "Location": {
        "Start": 1203,
        "End": 1243,
        "Line": 60,
        "Column": 1
      },
      "Name": {
        "Kind": "Name",
        "Location": {
          "Start": 1220,
          "End": 1225,
          "Line": 60,
          "Column": 18
        },
        "Value": "Bar"
      },
      "Directives": [
        {
          "Kind": "Directive",
          "Location": {
            "Start": 1224,
            "End": 1243,
            "Line": 60,
            "Column": 22
          },
          "Name": {
            "Kind": "Name",
            "Location": {
              "Start": 1225,
              "End": 1243,
              "Line": 60,
              "Column": 23
            },
            "Value": "onInterface"
          },
          "Arguments": []
        }
      ]
    },
    {
      "Kind": "UnionTypeDefinition",
      "Description": null,
      "Types": [
        {
          "Kind": "NamedType",
          "Location": {
            "Start": 1251,
            "End": 1258,
            "Line": 62,
            "Column": 14
          },
          "Name": {
            "Kind": "Name",
            "Location": {
              "Start": 1251,
              "End": 1258,
              "Line": 62,
              "Column": 14
            },
            "Value": "Story"
          }
        },
        {
          "Kind": "NamedType",
          "Location": {
            "Start": 1259,
            "End": 1268,
            "Line": 62,
            "Column": 22
          },
          "Name": {
            "Kind": "Name",
            "Location": {
              "Start": 1259,
              "End": 1268,
              "Line": 62,
              "Column": 22
            },
            "Value": "Article"
          }
        },
        {
          "Kind": "NamedType",
          "Location": {
            "Start": 1269,
            "End": 1282,
            "Line": 62,
            "Column": 32
          },
          "Name": {
            "Kind": "Name",
            "Location": {
              "Start": 1269,
              "End": 1282,
              "Line": 62,
              "Column": 32
            },
            "Value": "Advert"
          }
        }
      ],
      "Location": {
        "Start": 1238,
        "End": 1282,
        "Line": 62,
        "Column": 1
      },
      "Name": {
        "Kind": "Name",
        "Location": {
          "Start": 1244,
          "End": 1250,
          "Line": 62,
          "Column": 7
        },
        "Value": "Feed"
      },
      "Directives": []
    },
    {
      "Kind": "UnionTypeDefinition",
      "Description": null,
      "Types": [
        {
          "Kind": "NamedType",
          "Location": {
            "Start": 1309,
            "End": 1312,
            "Line": 64,
            "Column": 33
          },
          "Name": {
            "Kind": "Name",
            "Location": {
              "Start": 1309,
              "End": 1312,
              "Line": 64,
              "Column": 33
            },
            "Value": "A"
          }
        },
        {
          "Kind": "NamedType",
          "Location": {
            "Start": 1313,
            "End": 1321,
            "Line": 64,
            "Column": 37
          },
          "Name": {
            "Kind": "Name",
            "Location": {
              "Start": 1313,
              "End": 1321,
              "Line": 64,
              "Column": 37
            },
            "Value": "B"
          }
        }
      ],
      "Location": {
        "Start": 1277,
        "End": 1321,
        "Line": 64,
        "Column": 1
      },
      "Name": {
        "Kind": "Name",
        "Location": {
          "Start": 1283,
          "End": 1299,
          "Line": 64,
          "Column": 7
        },
        "Value": "AnnotatedUnion"
      },
      "Directives": [
        {
          "Kind": "Directive",
          "Location": {
            "Start": 1298,
            "End": 1308,
            "Line": 64,
            "Column": 22
          },
          "Name": {
            "Kind": "Name",
            "Location": {
              "Start": 1299,
              "End": 1308,
              "Line": 64,
              "Column": 23
            },
            "Value": "onUnion"
          },
          "Arguments": []
        }
      ]
    },
    {
      "Kind": "UnionTypeDefinition",
      "Description": null,
      "Types": [
        {
          "Kind": "NamedType",
          "Location": {
            "Start": 1353,
            "End": 1356,
            "Line": 66,
            "Column": 38
          },
          "Name": {
            "Kind": "Name",
            "Location": {
              "Start": 1353,
              "End": 1356,
              "Line": 66,
              "Column": 38
            },
            "Value": "A"
          }
        },
        {
          "Kind": "NamedType",
          "Location": {
            "Start": 1357,
            "End": 1365,
            "Line": 66,
            "Column": 42
          },
          "Name": {
            "Kind": "Name",
            "Location": {
              "Start": 1357,
              "End": 1365,
              "Line": 66,
              "Column": 42
            },
            "Value": "B"
          }
        }
      ],
      "Location": {
        "Start": 1316,
        "End": 1365,
        "Line": 66,
        "Column": 1
      },
      "Name": {
        "Kind": "Name",
        "Location": {
          "Start": 1322,
          "End": 1341,
          "Line": 66,
          "Column": 7
        },
        "Value": "AnnotatedUnionTwo"
      },
      "Directives": [
        {
          "Kind": "Directive",
          "Location": {
            "Start": 1340,
            "End": 1350,
            "Line": 66,
            "Column": 25
          },
          "Name": {
            "Kind": "Name",
            "Location": {
              "Start": 1341,
              "End": 1350,
              "Line": 66,
              "Column": 26
            },
            "Value": "onUnion"
          },
          "Arguments": []
        }
      ]
    },
    {
      "Kind": "UnionTypeDefinition",
      "Description": null,
      "Types": [],
      "Location": {
        "Start": 1360,
        "End": 1388,
        "Line": 68,
        "Column": 1
      },
      "Name": {
        "Kind": "Name",
        "Location": {
          "Start": 1366,
          "End": 1388,
          "Line": 68,
          "Column": 7
        },
        "Value": "UndefinedUnion"
      },
      "Directives": []
    },
    {
      "Kind": "UnionTypeExtension",
      "Types": [
        {
          "Kind": "NamedType",
          "Location": {
            "Start": 1402,
            "End": 1409,
            "Line": 70,
            "Column": 21
          },
          "Name": {
            "Kind": "Name",
            "Location": {
              "Start": 1402,
              "End": 1409,
              "Line": 70,
              "Column": 21
            },
            "Value": "Photo"
          }
        },
        {
          "Kind": "NamedType",
          "Location": {
            "Start": 1410,
            "End": 1423,
            "Line": 70,
            "Column": 29
          },
          "Name": {
            "Kind": "Name",
            "Location": {
              "Start": 1410,
              "End": 1423,
              "Line": 70,
              "Column": 29
            },
            "Value": "Video"
          }
        }
      ],
      "Location": {
        "Start": 1382,
        "End": 1423,
        "Line": 70,
        "Column": 1
      },
      "Name": {
        "Kind": "Name",
        "Location": {
          "Start": 1395,
          "End": 1401,
          "Line": 70,
          "Column": 14
        },
        "Value": "Feed"
      },
      "Directives": []
    },
    {
      "Kind": "UnionTypeExtension",
      "Types": [],
      "Location": {
        "Start": 1417,
        "End": 1451,
        "Line": 72,
        "Column": 1
      },
      "Name": {
        "Kind": "Name",
        "Location": {
          "Start": 1430,
          "End": 1436,
          "Line": 72,
          "Column": 14
        },
        "Value": "Feed"
      },
      "Directives": [
        {
          "Kind": "Directive",
          "Location": {
            "Start": 1435,
            "End": 1451,
            "Line": 72,
            "Column": 19
          },
          "Name": {
            "Kind": "Name",
            "Location": {
              "Start": 1436,
              "End": 1451,
              "Line": 72,
              "Column": 20
            },
            "Value": "onUnion"
          },
          "Arguments": []
        }
      ]
    },
    {
      "Kind": "ScalarTypeDefinition",
      "Description": null,
      "Location": {
        "Start": 1445,
        "End": 1472,
        "Line": 74,
        "Column": 1
      },
      "Name": {
        "Kind": "Name",
        "Location": {
          "Start": 1452,
          "End": 1472,
          "Line": 74,
          "Column": 8
        },
        "Value": "CustomScalar"
      },
      "Directives": []
    },
    {
      "Kind": "ScalarTypeDefinition",
      "Description": null,
      "Location": {
        "Start": 1466,
        "End": 1506,
        "Line": 76,
        "Column": 1
      },
      "Name": {
        "Kind": "Name",
        "Location": {
          "Start": 1473,
          "End": 1490,
          "Line": 76,
          "Column": 8
        },
        "Value": "AnnotatedScalar"
      },
      "Directives": [
        {
          "Kind": "Directive",
          "Location": {
            "Start": 1489,
            "End": 1506,
            "Line": 76,
            "Column": 24
          },
          "Name": {
            "Kind": "Name",
            "Location": {
              "Start": 1490,
              "End": 1506,
              "Line": 76,
              "Column": 25
            },
            "Value": "onScalar"
          },
          "Arguments": []
        }
      ]
    },
    {
      "Kind": "ScalarTypeExtension",
      "Location": {
        "Start": 1500,
        "End": 1542,
        "Line": 78,
        "Column": 1
      },
      "Name": {
        "Kind": "Name",
        "Location": {
          "Start": 1514,
          "End": 1528,
          "Line": 78,
          "Column": 15
        },
        "Value": "CustomScalar"
      },
      "Directives": [
        {
          "Kind": "Directive",
          "Location": {
            "Start": 1527,
            "End": 1542,
            "Line": 78,
            "Column": 28
          },
          "Name": {
            "Kind": "Name",
            "Location": {
              "Start": 1528,
              "End": 1542,
              "Line": 78,
              "Column": 29
            },
            "Value": "onScalar"
          },
          "Arguments": []
        }
      ]
    },
    {
      "Kind": "EnumTypeDefinition",
      "Description": null,
      "Values": [
        {
          "Kind": "EnumValueDefinition",
          "Description": null,
          "Location": {
            "Start": 1552,
            "End": 1568,
            "Line": 81,
            "Column": 3
          },
          "Name": {
            "Kind": "Name",
            "Location": {
              "Start": 1552,
              "End": 1568,
              "Line": 81,
              "Column": 3
            },
            "Value": "DESKTOP"
          },
          "Directives": []
        },
        {
          "Kind": "EnumValueDefinition",
          "Description": null,
          "Location": {
            "Start": 1562,
            "End": 1570,
            "Line": 82,
            "Column": 3
          },
          "Name": {
            "Kind": "Name",
            "Location": {
              "Start": 1562,
              "End": 1570,
              "Line": 82,
              "Column": 3
            },
            "Value": "MOBILE"
          },
          "Directives": []
        }
      ],
      "Location": {
        "Start": 1538,
        "End": 1576,
        "Line": 80,
        "Column": 1
      },
      "Name": {
        "Kind": "Name",
        "Location": {
          "Start": 1543,
          "End": 1549,
          "Line": 80,
          "Column": 6
        },
        "Value": "Site"
      },
      "Directives": []
    },
    {
      "Kind": "EnumTypeDefinition",
      "Description": null,
      "Values": [
        {
          "Kind": "EnumValueDefinition",
          "Description": null,
          "Location": {
            "Start": 1603,
            "End": 1645,
            "Line": 86,
            "Column": 3
          },
          "Name": {
            "Kind": "Name",
            "Location": {
              "Start": 1603,
              "End": 1620,
              "Line": 86,
              "Column": 3
            },
            "Value": "ANNOTATED_VALUE"
          },
          "Directives": [
            {
              "Kind": "Directive",
              "Location": {
                "Start": 1619,
                "End": 1645,
                "Line": 86,
                "Column": 19
              },
              "Name": {
                "Kind": "Name",
                "Location": {
                  "Start": 1620,
                  "End": 1645,
                  "Line": 86,
                  "Column": 20
                },
                "Value": "onEnumValue"
              },
              "Arguments": []
            }
          ]
        },
        {
          "Kind": "EnumValueDefinition",
          "Description": null,
          "Location": {
            "Start": 1634,
            "End": 1647,
            "Line": 87,
            "Column": 3
          },
          "Name": {
            "Kind": "Name",
            "Location": {
              "Start": 1634,
              "End": 1647,
              "Line": 87,
              "Column": 3
            },
            "Value": "OTHER_VALUE"
          },
          "Directives": []
        }
      ],
      "Location": {
        "Start": 1572,
        "End": 1653,
        "Line": 85,
        "Column": 1
      },
      "Name": {
        "Kind": "Name",
        "Location": {
          "Start": 1577,
          "End": 1592,
          "Line": 85,
          "Column": 6
        },
        "Value": "AnnotatedEnum"
      },
      "Directives": [
        {
          "Kind": "Directive",
          "Location": {
            "Start": 1591,
            "End": 1600,
            "Line": 85,
            "Column": 20
          },
          "Name": {
            "Kind": "Name",
            "Location": {
              "Start": 1592,
              "End": 1600,
              "Line": 85,
              "Column": 21
            },
            "Value": "onEnum"
          },
          "Arguments": []
        }
      ]
    },
    {
      "Kind": "EnumTypeDefinition",
      "Description": null,
      "Values": [],
      "Location": {
        "Start": 1649,
        "End": 1675,
        "Line": 90,
        "Column": 1
      },
      "Name": {
        "Kind": "Name",
        "Location": {
          "Start": 1654,
          "End": 1675,
          "Line": 90,
          "Column": 6
        },
        "Value": "UndefinedEnum"
      },
      "Directives": []
    },
    {
      "Kind": "EnumTypeExtension",
      "Values": [
        {
          "Kind": "EnumValueDefinition",
          "Description": null,
          "Location": {
            "Start": 1690,
            "End": 1694,
            "Line": 93,
            "Column": 3
          },
          "Name": {
            "Kind": "Name",
            "Location": {
              "Start": 1690,
              "End": 1694,
              "Line": 93,
              "Column": 3
            },
            "Value": "VR"
          },
          "Directives": []
        }
      ],
      "Location": {
        "Start": 1669,
        "End": 1702,
        "Line": 92,
        "Column": 1
      },
      "Name": {
        "Kind": "Name",
        "Location": {
          "Start": 1681,
          "End": 1687,
          "Line": 92,
          "Column": 13
        },
        "Value": "Site"
      },
      "Directives": []
    },
    {
      "Kind": "EnumTypeExtension",
      "Values": [],
      "Location": {
        "Start": 1696,
        "End": 1727,
        "Line": 96,
        "Column": 1
      },
      "Name": {
        "Kind": "Name",
        "Location": {
          "Start": 1708,
          "End": 1714,
          "Line": 96,
          "Column": 13
        },
        "Value": "Site"
      },
      "Directives": [
        {
          "Kind": "Directive",
          "Location": {
            "Start": 1713,
            "End": 1727,
            "Line": 96,
            "Column": 18
          },
          "Name": {
            "Kind": "Name",
            "Location": {
              "Start": 1714,
              "End": 1727,
              "Line": 96,
              "Column": 19
            },
            "Value": "onEnum"
          },
          "Arguments": []
        }
      ]
    },
    {
      "Kind": "InputObjectTypeDefinition",
      "Description": null,
      "Fields": [
        {
          "Kind": "InputValueDefinition",
          "Description": null,
          "Type": {
            "Kind": "NonNullType",
            "Location": {
              "Start": 1753,
              "End": 1763,
              "Line": 99,
              "Column": 14
            },
            "Type": {
              "Kind": "NamedType",
              "Location": {
                "Start": 1747,
                "End": 1754,
                "Line": 99,
                "Column": 8
              },
              "Name": {
                "Kind": "Name",
                "Location": {
                  "Start": 1747,
                  "End": 1754,
                  "Line": 99,
                  "Column": 8
                },
                "Value": "String"
              }
            }
          },
          "DefaultValue": null,
          "Location": {
            "Start": 1742,
            "End": 1763,
            "Line": 99,
            "Column": 3
          },
          "Name": {
            "Kind": "Name",
            "Location": {
              "Start": 1742,
              "End": 1746,
              "Line": 99,
              "Column": 3
            },
            "Value": "key"
          },
          "Directives": []
        },
        {
          "Kind": "InputValueDefinition",
          "Description": null,
          "Type": {
            "Kind": "NamedType",
            "Location": {
              "Start": 1765,
              "End": 1770,
              "Line": 100,
              "Column": 11
            },
            "Name": {
              "Kind": "Name",
              "Location": {
                "Start": 1765,
                "End": 1770,
                "Line": 100,
                "Column": 11
              },
              "Value": "Int"
            }
          },
          "DefaultValue": {
            "Kind": "IntValue",
            "Location": {
              "Start": 1771,
              "End": 1775,
              "Line": 100,
              "Column": 17
            },
            "Value": "42"
          },
          "Location": {
            "Start": 1757,
            "End": 1775,
            "Line": 100,
            "Column": 3
          },
          "Name": {
            "Kind": "Name",
            "Location": {
              "Start": 1757,
              "End": 1764,
              "Line": 100,
              "Column": 3
            },
            "Value": "answer"
          },
          "Directives": []
        }
      ],
      "Location": {
        "Start": 1722,
        "End": 1782,
        "Line": 98,
        "Column": 1
      },
      "Name": {
        "Kind": "Name",
        "Location": {
          "Start": 1728,
          "End": 1739,
          "Line": 98,
          "Column": 7
        },
        "Value": "InputType"
      },
      "Directives": []
    },
    {
      "Kind": "InputObjectTypeDefinition",
      "Description": null,
      "Fields": [
        {
          "Kind": "InputValueDefinition",
          "Description": null,
          "Type": {
            "Kind": "NamedType",
            "Location": {
              "Start": 1833,
              "End": 1839,
              "Line": 104,
              "Column": 19
            },
            "Name": {
              "Kind": "Name",
              "Location": {
                "Start": 1833,
                "End": 1839,
                "Line": 104,
                "Column": 19
              },
              "Value": "Type"
            }
          },
          "DefaultValue": null,
          "Location": {
            "Start": 1817,
            "End": 1848,
            "Line": 104,
            "Column": 3
          },
          "Name": {
            "Kind": "Name",
            "Location": {
              "Start": 1817,
              "End": 1832,
              "Line": 104,
              "Column": 3
            },
            "Value": "annotatedField"
          },
          "Directives": [
            {
              "Kind": "Directive",
              "Location": {
                "Start": 1838,
                "End": 1848,
                "Line": 104,
                "Column": 24
              },
              "Name": {
                "Kind": "Name",
                "Location": {
                  "Start": 1839,
                  "End": 1848,
                  "Line": 104,
                  "Column": 25
                },
                "Value": "onField"
              },
              "Arguments": []
            }
          ]
        }
      ],
      "Location": {
        "Start": 1777,
        "End": 1855,
        "Line": 103,
        "Column": 1
      },
      "Name": {
        "Kind": "Name",
        "Location": {
          "Start": 1783,
          "End": 1799,
          "Line": 103,
          "Column": 7
        },
        "Value": "AnnotatedInput"
      },
      "Directives": [
        {
          "Kind": "Directive",
          "Location": {
            "Start": 1798,
            "End": 1814,
            "Line": 103,
            "Column": 22
          },
          "Name": {
            "Kind": "Name",
            "Location": {
              "Start": 1799,
              "End": 1814,
              "Line": 103,
              "Column": 23
            },
            "Value": "onInputObject"
          },
          "Arguments": []
        }
      ]
    },
    {
      "Kind": "InputObjectTypeDefinition",
      "Description": null,
      "Fields": [],
      "Location": {
        "Start": 1850,
        "End": 1878,
        "Line": 107,
        "Column": 1
      },
      "Name": {
        "Kind": "Name",
        "Location": {
          "Start": 1856,
          "End": 1878,
          "Line": 107,
          "Column": 7
        },
        "Value": "UndefinedInput"
      },
      "Directives": []
    },
    {
      "Kind": "InputObjectTypeExtension",
      "Fields": [
        {
          "Kind": "InputValueDefinition",
          "Description": null,
          "Type": {
            "Kind": "NamedType",
            "Location": {
              "Start": 1906,
              "End": 1913,
              "Line": 110,
              "Column": 10
            },
            "Name": {
              "Kind": "Name",
              "Location": {
                "Start": 1906,
                "End": 1913,
                "Line": 110,
                "Column": 10
              },
              "Value": "Float"
            }
          },
          "DefaultValue": {
            "Kind": "FloatValue",
            "Location": {
              "Start": 1914,
              "End": 1922,
              "Line": 110,
              "Column": 18
            },
            "Format": "Exponential",
            "Value": "1.23e4"
          },
          "Location": {
            "Start": 1899,
            "End": 1922,
            "Line": 110,
            "Column": 3
          },
          "Name": {
            "Kind": "Name",
            "Location": {
              "Start": 1899,
              "End": 1905,
              "Line": 110,
              "Column": 3
            },
            "Value": "other"
          },
          "Directives": []
        }
      ],
      "Location": {
        "Start": 1872,
        "End": 1930,
        "Line": 109,
        "Column": 1
      },
      "Name": {
        "Kind": "Name",
        "Location": {
          "Start": 1885,
          "End": 1896,
          "Line": 109,
          "Column": 14
        },
        "Value": "InputType"
      },
      "Directives": []
    },
    {
      "Kind": "InputObjectTypeExtension",
      "Fields": [],
      "Location": {
        "Start": 1924,
        "End": 1972,
        "Line": 113,
        "Column": 1
      },
      "Name": {
        "Kind": "Name",
        "Location": {
          "Start": 1937,
          "End": 1948,
          "Line": 113,
          "Column": 14
        },
        "Value": "InputType"
      },
      "Directives": [
        {
          "Kind": "Directive",
          "Location": {
            "Start": 1947,
            "End": 1972,
            "Line": 113,
            "Column": 24
          },
          "Name": {
            "Kind": "Name",
            "Location": {
              "Start": 1948,
              "End": 1972,
              "Line": 113,
              "Column": 25
            },
            "Value": "onInputObject"
          },
          "Arguments": []
        }
      ]
    },
    {
      "Kind": "DirectiveDefinition",
      "Location": {
        "Start": 1963,
        "End": 2048,
        "Line": 115,
        "Column": 1
      },
      "Name": {
        "Kind": "Name",
        "Location": {
          "Start": 1974,
          "End": 1979,
          "Line": 115,
          "Column": 12
        },
        "Value": "skip"
      },
      "Description": null,
      "IsRepeatable": false,
      "IsUnique": true,
      "Arguments": [
        {
          "Kind": "InputValueDefinition",
          "Description": null,
          "Type": {
            "Kind": "NonNullType",
            "Location": {
              "Start": 1990,
              "End": 1992,
              "Line": 115,
              "Column": 28
            },
            "Type": {
              "Kind": "NamedType",
              "Location": {
                "Start": 1983,
                "End": 1991,
                "Line": 115,
                "Column": 21
              },
              "Name": {
                "Kind": "Name",
                "Location": {
                  "Start": 1983,
                  "End": 1991,
                  "Line": 115,
                  "Column": 21
                },
                "Value": "Boolean"
              }
            }
          },
          "DefaultValue": null,
          "Location": {
            "Start": 1979,
            "End": 1992,
            "Line": 115,
            "Column": 17
          },
          "Name": {
            "Kind": "Name",
            "Location": {
              "Start": 1979,
              "End": 1982,
              "Line": 115,
              "Column": 17
            },
            "Value": "if"
          },
          "Directives": []
        }
      ],
      "Locations": [
        {
          "Kind": "Name",
          "Location": {
            "Start": 1996,
            "End": 2003,
            "Line": 115,
            "Column": 34
          },
          "Value": "FIELD"
        },
        {
          "Kind": "Name",
          "Location": {
            "Start": 2004,
            "End": 2021,
            "Line": 115,
            "Column": 42
          },
          "Value": "FRAGMENT_SPREAD"
        },
        {
          "Kind": "Name",
          "Location": {
            "Start": 2022,
            "End": 2048,
            "Line": 115,
            "Column": 60
          },
          "Value": "INLINE_FRAGMENT"
        }
      ]
    },
    {
      "Kind": "DirectiveDefinition",
      "Location": {
        "Start": 2039,
        "End": 2136,
        "Line": 117,
        "Column": 1
      },
      "Name": {
        "Kind": "Name",
        "Location": {
          "Start": 2050,
          "End": 2056,
          "Line": 117,
          "Column": 12
        },
        "Value": "skip2"
      },
      "Description": null,
      "IsRepeatable": true,
      "IsUnique": false,
      "Arguments": [
        {
          "Kind": "InputValueDefinition",
          "Description": null,
          "Type": {
            "Kind": "NonNullType",
            "Location": {
              "Start": 2067,
              "End": 2069,
              "Line": 117,
              "Column": 29
            },
            "Type": {
              "Kind": "NamedType",
              "Location": {
                "Start": 2060,
                "End": 2068,
                "Line": 117,
                "Column": 22
              },
              "Name": {
                "Kind": "Name",
                "Location": {
                  "Start": 2060,
                  "End": 2068,
                  "Line": 117,
                  "Column": 22
                },
                "Value": "Boolean"
              }
            }
          },
          "DefaultValue": null,
          "Location": {
            "Start": 2056,
            "End": 2069,
            "Line": 117,
            "Column": 18
          },
          "Name": {
            "Kind": "Name",
            "Location": {
              "Start": 2056,
              "End": 2059,
              "Line": 117,
              "Column": 18
            },
            "Value": "if"
          },
          "Directives": []
        }
      ],
      "Locations": [
        {
          "Kind": "Name",
          "Location": {
            "Start": 2084,
            "End": 2091,
            "Line": 117,
            "Column": 46
          },
          "Value": "FIELD"
        },
        {
          "Kind": "Name",
          "Location": {
            "Start": 2092,
            "End": 2109,
            "Line": 117,
            "Column": 54
          },
          "Value": "FRAGMENT_SPREAD"
        },
        {
          "Kind": "Name",
          "Location": {
            "Start": 2110,
            "End": 2136,
            "Line": 117,
            "Column": 72
          },
          "Value": "INLINE_FRAGMENT"
        }
      ]
    },
    {
      "Kind": "DirectiveDefinition",
      "Location": {
        "Start": 2127,
        "End": 2223,
        "Line": 119,
        "Column": 1
      },
      "Name": {
        "Kind": "Name",
        "Location": {
          "Start": 2138,
          "End": 2146,
          "Line": 119,
          "Column": 12
        },
        "Value": "include"
      },
      "Description": null,
      "IsRepeatable": false,
      "IsUnique": true,
      "Arguments": [
        {
          "Kind": "InputValueDefinition",
          "Description": null,
          "Type": {
            "Kind": "NonNullType",
            "Location": {
              "Start": 2157,
              "End": 2159,
              "Line": 119,
              "Column": 31
            },
            "Type": {
              "Kind": "NamedType",
              "Location": {
                "Start": 2150,
                "End": 2158,
                "Line": 119,
                "Column": 24
              },
              "Name": {
                "Kind": "Name",
                "Location": {
                  "Start": 2150,
                  "End": 2158,
                  "Line": 119,
                  "Column": 24
                },
                "Value": "Boolean"
              }
            }
          },
          "DefaultValue": null,
          "Location": {
            "Start": 2146,
            "End": 2159,
            "Line": 119,
            "Column": 20
          },
          "Name": {
            "Kind": "Name",
            "Location": {
              "Start": 2146,
              "End": 2149,
              "Line": 119,
              "Column": 20
            },
            "Value": "if"
          },
          "Directives": []
        }
      ],
      "Locations": [
        {
          "Kind": "Name",
          "Location": {
            "Start": 2165,
            "End": 2175,
            "Line": 120,
            "Column": 6
          },
          "Value": "FIELD"
        },
        {
          "Kind": "Name",
          "Location": {
            "Start": 2176,
            "End": 2196,
            "Line": 121,
            "Column": 6
          },
          "Value": "FRAGMENT_SPREAD"
        },
        {
          "Kind": "Name",
          "Location": {
            "Start": 2197,
            "End": 2223,
            "Line": 122,
            "Column": 6
          },
          "Value": "INLINE_FRAGMENT"
        }
      ]
    },
    {
      "Kind": "DirectiveDefinition",
      "Location": {
        "Start": 2214,
        "End": 2308,
        "Line": 124,
        "Column": 1
      },
      "Name": {
        "Kind": "Name",
        "Location": {
          "Start": 2225,
          "End": 2234,
          "Line": 124,
          "Column": 12
        },
        "Value": "include2"
      },
      "Description": null,
      "IsRepeatable": false,
      "IsUnique": true,
      "Arguments": [
        {
          "Kind": "InputValueDefinition",
          "Description": null,
          "Type": {
            "Kind": "NonNullType",
            "Location": {
              "Start": 2245,
              "End": 2247,
              "Line": 124,
              "Column": 32
            },
            "Type": {
              "Kind": "NamedType",
              "Location": {
                "Start": 2238,
                "End": 2246,
                "Line": 124,
                "Column": 25
              },
              "Name": {
                "Kind": "Name",
                "Location": {
                  "Start": 2238,
                  "End": 2246,
                  "Line": 124,
                  "Column": 25
                },
                "Value": "Boolean"
              }
            }
          },
          "DefaultValue": null,
          "Location": {
            "Start": 2234,
            "End": 2247,
            "Line": 124,
            "Column": 21
          },
          "Name": {
            "Kind": "Name",
            "Location": {
              "Start": 2234,
              "End": 2237,
              "Line": 124,
              "Column": 21
            },
            "Value": "if"
          },
          "Directives": []
        }
      ],
      "Locations": [
        {
          "Kind": "Name",
          "Location": {
            "Start": 2255,
            "End": 2264,
            "Line": 125,
            "Column": 5
          },
          "Value": "FIELD"
        },
        {
          "Kind": "Name",
          "Location": {
            "Start": 2265,
            "End": 2284,
            "Line": 126,
            "Column": 5
          },
          "Value": "FRAGMENT_SPREAD"
        },
        {
          "Kind": "Name",
          "Location": {
            "Start": 2285,
            "End": 2308,
            "Line": 127,
            "Column": 5
          },
          "Value": "INLINE_FRAGMENT"
        }
      ]
    },
    {
      "Kind": "SchemaExtension",
      "Location": {
        "Start": 2302,
        "End": 2333,
        "Line": 129,
        "Column": 1
      },
      "Directives": [
        {
          "Kind": "Directive",
          "Location": {
            "Start": 2316,
            "End": 2333,
            "Line": 129,
            "Column": 15
          },
          "Name": {
            "Kind": "Name",
            "Location": {
              "Start": 2317,
              "End": 2333,
              "Line": 129,
              "Column": 16
            },
            "Value": "onSchema"
          },
          "Arguments": []
        }
      ],
      "OperationTypes": []
    },
    {
      "Kind": "SchemaExtension",
      "Location": {
        "Start": 2327,
        "End": 2388,
        "Line": 131,
        "Column": 1
      },
      "Directives": [
        {
          "Kind": "Directive",
          "Location": {
            "Start": 2341,
            "End": 2352,
            "Line": 131,
            "Column": 15
          },
          "Name": {
            "Kind": "Name",
            "Location": {
              "Start": 2342,
              "End": 2352,
              "Line": 131,
              "Column": 16
            },
            "Value": "onSchema"
          },
          "Arguments": []
        }
      ],
      "OperationTypes": [
        {
          "Kind": "OperationTypeDefinition",
          "Location": {
            "Start": 2355,
            "End": 2387,
            "Line": 132,
            "Column": 3
          },
          "Operation": "Subscription",
          "Type": {
            "Kind": "NamedType",
            "Location": {
              "Start": 2369,
              "End": 2387,
              "Line": 132,
              "Column": 17
            },
            "Name": {
              "Kind": "Name",
              "Location": {
                "Start": 2369,
                "End": 2387,
                "Line": 132,
                "Column": 17
              },
              "Value": "SubscriptionType"
            }
          }
        }
      ]
    }
  ]
}
