ASC Result:
---------------
{
  "data": {
    "root": [
      {
        "foo": {
          "barBool": true,
          "barShort": 12
        }
      },
      {
        "foo": {
          "barBool": false,
          "barShort": 13
        }
      },
      {
        "foo": {
          "barBool": true,
          "barShort": 14
        }
      }
    ]
  }
}
---------------

ASC SQL:
---------------
from 'Bars' order by Foo.BarShort as long, Foo.BarBool
---------------

ASC Result:
---------------
{
  "data": {
    "root": [
      {
        "foo": {
          "barBool": true,
          "barShort": 12
        }
      },
      {
        "foo": {
          "barBool": false,
          "barShort": 13
        }
      },
      {
        "foo": {
          "barBool": true,
          "barShort": 14
        }
      }
    ]
  }
}
---------------

ASC SQL:
---------------
from 'Bars' order by Foo.BarShort as long, Foo.BarBool
---------------

DESC Result:
---------------
{
  "data": {
    "root": [
      {
        "foo": {
          "barBool": true,
          "barShort": 14
        }
      },
      {
        "foo": {
          "barBool": false,
          "barShort": 13
        }
      },
      {
        "foo": {
          "barBool": true,
          "barShort": 12
        }
      }
    ]
  }
}
---------------

DESC SQL:
---------------
from 'Bars' order by Foo.BarShort as long desc, Foo.BarBool desc
---------------

DESC Result:
---------------
{
  "data": {
    "root": [
      {
        "foo": {
          "barBool": true,
          "barShort": 14
        }
      },
      {
        "foo": {
          "barBool": false,
          "barShort": 13
        }
      },
      {
        "foo": {
          "barBool": true,
          "barShort": 12
        }
      }
    ]
  }
}
---------------

DESC SQL:
---------------
from 'Bars' order by Foo.BarShort as long desc, Foo.BarBool desc
---------------
