{
  "activities": [
    {
      "OperationName": "ExecuteHttpRequest",
      "DisplayName": "query { hero }",
      "Status": "Ok",
      "tags": [
        {
          "Key": "graphql.schema.name",
          "Value": "_Default"
        },
        {
          "Key": "graphql.http.request.type",
          "Value": "single"
        },
        {
          "Key": "graphql.http.request.query.id",
          "Value": "a570a6bff748b5916eadf153261d9c6d"
        },
        {
          "Key": "graphql.http.request.query.hash",
          "Value": "a570a6bff748b5916eadf153261d9c6d"
        },
        {
          "Key": "graphql.document.id",
          "Value": "a570a6bff748b5916eadf153261d9c6d"
        },
        {
          "Key": "graphql.operation.id",
          "Value": "_Default-1-a570a6bff748b5916eadf153261d9c6d"
        }
      ],
      "event": [
        {
          "Name": "AddedOperationToCache",
          "Tags": []
        },
        {
          "Name": "AddedDocumentToCache",
          "Tags": []
        }
      ],
      "activities": [
        {
          "OperationName": "ParseHttpRequest",
          "DisplayName": "Parse HTTP Request",
          "Status": "Ok",
          "tags": [
            {
              "Key": "otel.status_code",
              "Value": "OK"
            }
          ],
          "event": []
        },
        {
          "OperationName": "ValidateDocument",
          "DisplayName": "Validate Document",
          "Status": "Ok",
          "tags": [
            {
              "Key": "graphql.document.id",
              "Value": "a570a6bff748b5916eadf153261d9c6d"
            },
            {
              "Key": "otel.status_code",
              "Value": "OK"
            }
          ],
          "event": []
        },
        {
          "OperationName": "CompileOperation",
          "DisplayName": "Compile Operation",
          "Status": "Ok",
          "tags": [
            {
              "Key": "otel.status_code",
              "Value": "OK"
            }
          ],
          "event": []
        },
        {
          "OperationName": "ResolveFieldValue",
          "DisplayName": "/hero",
          "Status": "Ok",
          "tags": [
            {
              "Key": "graphql.selection.name",
              "Value": "hero"
            },
            {
              "Key": "graphql.selection.type",
              "Value": "Character"
            },
            {
              "Key": "graphql.selection.path",
              "Value": "/hero"
            },
            {
              "Key": "graphql.selection.hierarchy",
              "Value": "/hero"
            },
            {
              "Key": "graphql.selection.field.name",
              "Value": "hero"
            },
            {
              "Key": "graphql.selection.field.coordinate",
              "Value": "Query.hero"
            },
            {
              "Key": "graphql.selection.field.declaringType",
              "Value": "Query"
            },
            {
              "Key": "otel.status_code",
              "Value": "OK"
            }
          ],
          "event": []
        },
        {
          "OperationName": "FormatHttpResponse",
          "DisplayName": "Format HTTP Response",
          "Status": "Ok",
          "tags": [],
          "event": []
        }
      ]
    }
  ]
}
