testatest Result:
---------------
{
  "data": {
    "root": [
      {
        "bar": "testbtest"
      }
    ]
  }
}
---------------

testatest SQL:
---------------
.param set @__p_0 'testatest'

SELECT "d"."Id", "d"."Bar"
FROM "Data" AS "d"
WHERE "d"."Bar" <> @__p_0
---------------

testbtest Result:
---------------
{
  "data": {
    "root": [
      {
        "bar": "testatest"
      }
    ]
  }
}
---------------

testbtest SQL:
---------------
.param set @__p_0 'testbtest'

SELECT "d"."Id", "d"."Bar"
FROM "Data" AS "d"
WHERE "d"."Bar" <> @__p_0
---------------

null
---------------
{
  "errors": [
    {
      "message": "The provided value for filter `neq` of type StringOperationFilterInput is invalid. Null values are not supported.",
      "locations": [
        {
          "line": 1,
          "column": 29
        }
      ],
      "path": [
        "root"
      ],
      "extensions": {
        "code": "HC0026",
        "expectedType": "String!",
        "filterType": "StringOperationFilterInput"
      }
    }
  ],
  "data": {
    "root": null
  }
}
---------------
