BAR Result:
---------------
{
  "data": {
    "root": [
      {
        "barEnum": "BAR"
      }
    ]
  }
}
---------------

BAR Query:
---------------
find({ "BarEnum" : { "$eq" : 1 } })
---------------

FOO Result:
---------------
{
  "data": {
    "root": [
      {
        "barEnum": "FOO"
      }
    ]
  }
}
---------------

FOO Query:
---------------
find({ "BarEnum" : { "$eq" : 0 } })
---------------

null Result:
---------------
{
  "data": {
    "root": [
      {
        "barEnum": null
      }
    ]
  }
}
---------------

null Query:
---------------
find({ "BarEnum" : { "$eq" : null } })
---------------
