12 Result:
---------------
{
  "data": {
    "root": [
      {
        "barShort": 12
      }
    ]
  }
}
---------------

12 Query:
---------------
find({ "BarShort" : { "$lte" : 12 } })
---------------

13 Result:
---------------
{
  "data": {
    "root": [
      {
        "barShort": 12
      },
      {
        "barShort": 13
      }
    ]
  }
}
---------------

13 Query:
---------------
find({ "BarShort" : { "$lte" : 13 } })
---------------

14 Result:
---------------
{
  "data": {
    "root": [
      {
        "barShort": 12
      },
      {
        "barShort": 14
      },
      {
        "barShort": 13
      }
    ]
  }
}
---------------

14 Query:
---------------
find({ "BarShort" : { "$lte" : 14 } })
---------------

null
---------------
{
  "errors": [
    {
      "message": "The provided value for filter `lte` of type ShortOperationFilterInput is invalid. Null values are not supported.",
      "locations": [
        {
          "line": 1,
          "column": 34
        }
      ],
      "path": [
        "root"
      ],
      "extensions": {
        "code": "HC0026",
        "expectedType": "Short!",
        "filterType": "ShortOperationFilterInput"
      }
    }
  ],
  "data": {
    "root": null
  }
}
---------------
