BAR Result:
---------------
{
  "data": {
    "root": [
      {
        "foo": {
          "barEnum": "BAR"
        }
      }
    ]
  }
}
---------------

BAR Query:
---------------
find({ "Foo.BarEnum" : { "$eq" : 1 } })
---------------

FOO Result:
---------------
{
  "data": {
    "root": [
      {
        "foo": {
          "barEnum": "FOO"
        }
      }
    ]
  }
}
---------------

FOO Query:
---------------
find({ "Foo.BarEnum" : { "$eq" : 0 } })
---------------

null Result:
---------------
{
  "data": {
    "root": []
  }
}
---------------

null Query:
---------------
find({ "Foo.BarEnum" : { "$eq" : null } })
---------------
