{
  "errors": [
    {
      "message": "Not a valid name.",
      "path": [
        "nameToString"
      ],
      "extensions": {
        "inputPath": [
          "name"
        ],
        "coordinate": "Query.nameToString(name:)",
        "fieldType": "Name"
      }
    }
  ],
  "data": {
    "nameToString": null
  }
}
