{
  "errors": [
    {
      "message": "Cannot return null for semantic non-null field.",
      "locations": [
        {
          "line": 2,
          "column": 3
        }
      ],
      "path": [
        "pureObjectListReturningNull"
      ],
      "extensions": {
        "code": "HC0088"
      }
    }
  ],
  "data": {
    "pureObjectListReturningNull": null
  }
}
