schema {
  query: Query7
}

"The node interface is implemented by entities that have a global unique identifier."
interface Node {
  id: ID!
}

type Query7 {
  "Fetches an object given its ID."
  node("ID of the object." id: ID!): Node
  "Lookup nodes by a list of IDs."
  nodes("The list of node IDs." ids: [ID!]!): [Node]!
  barById(id: ID!): Qux
}

type Qux implements Node {
  id: ID!
  clearTextId: String
}

"The @tag directive is used to apply arbitrary string\nmetadata to a schema location. Custom tooling can use\nthis metadata during any step of the schema delivery flow,\nincluding composition, static analysis, and documentation.\n            \n\ninterface Book {\n  id: ID! @tag(name: \"your-value\")\n  title: String!\n  author: String!\n}"
directive @tag("The name of the tag." name: String!) repeatable on SCHEMA | SCALAR | OBJECT | FIELD_DEFINITION | ARGUMENT_DEFINITION | INTERFACE | UNION | ENUM | ENUM_VALUE | INPUT_OBJECT | INPUT_FIELD_DEFINITION
