schema {
  query: Query
}

type Foo {
  single_int: Int
  list_int: [Int]
  matrix_int: [[Int]]
  nullable_single_int: Int!
  nullable_list_int: [Int!]!
  nullable_matrix_int: [[Int!]!]!
}

type Query {
  foo: Foo
}

"The @tag directive is used to apply arbitrary string\nmetadata to a schema location. Custom tooling can use\nthis metadata during any step of the schema delivery flow,\nincluding composition, static analysis, and documentation.\n            \n\ninterface Book {\n  id: ID! @tag(name: \"your-value\")\n  title: String!\n  author: String!\n}"
directive @tag("The name of the tag." name: String!) repeatable on SCHEMA | SCALAR | OBJECT | FIELD_DEFINITION | ARGUMENT_DEFINITION | INTERFACE | UNION | ENUM | ENUM_VALUE | INPUT_OBJECT | INPUT_FIELD_DEFINITION
