{
  "Data": {
    "foo": [
      {
        "qux": {
          "quux": 123
        }
      }
    ],
    "bar": [
      123
    ],
    "baz": {
      "qux": {
        "quux": 123
      }
    }
  },
  "Errors": null,
  "Extensions": {
    "bar": [
      123
    ],
    "foo": [
      {
        "qux": {
          "quux": 123
        }
      }
    ],
    "baz": {
      "qux": {
        "quux": 123
      }
    }
  },
  "ContextData": null
}
